Archive member included because of file (symbol)

C:/WinAVR/bin/../lib/gcc/avr/3.4.3/../../../../avr/lib/avr5\libprintf_flt.a(vfprintf_flt.o)
                              (vfprintf)
C:/WinAVR/bin/../lib/gcc/avr/3.4.3/../../../../avr/lib/avr5\libm.a(fixsfsi.o)
                              C:/WinAVR/bin/../lib/gcc/avr/3.4.3/../../../../avr/lib/avr5\libprintf_flt.a(vfprintf_flt.o) (__fixsfsi)
C:/WinAVR/bin/../lib/gcc/avr/3.4.3/../../../../avr/lib/avr5\libm.a(fp_cmp.o)
                              C:/WinAVR/bin/../lib/gcc/avr/3.4.3/../../../../avr/lib/avr5\libprintf_flt.a(vfprintf_flt.o) (__nesf2)
C:/WinAVR/bin/../lib/gcc/avr/3.4.3/../../../../avr/lib/avr5\libm.a(fp_split.o)
                              C:/WinAVR/bin/../lib/gcc/avr/3.4.3/../../../../avr/lib/avr5\libm.a(fp_cmp.o) (__fp_split2)
C:/WinAVR/bin/../lib/gcc/avr/3.4.3/../../../../avr/lib/avr5\libm.a(fp_zero.o)
                              C:/WinAVR/bin/../lib/gcc/avr/3.4.3/../../../../avr/lib/avr5\libm.a(fixsfsi.o) (__fp_zero)
C:/WinAVR/bin/../lib/gcc/avr/3.4.3/../../../../avr/lib/avr5\libm.a(isinfnan.o)
                              C:/WinAVR/bin/../lib/gcc/avr/3.4.3/../../../../avr/lib/avr5\libprintf_flt.a(vfprintf_flt.o) (isnan)
C:/WinAVR/bin/../lib/gcc/avr/3.4.3/../../../../avr/lib/avr5\libm.a(modf.o)
                              C:/WinAVR/bin/../lib/gcc/avr/3.4.3/../../../../avr/lib/avr5\libprintf_flt.a(vfprintf_flt.o) (modf)
C:/WinAVR/bin/../lib/gcc/avr/3.4.3/../../../../avr/lib/avr5\libm.a(mulsf3.o)
                              C:/WinAVR/bin/../lib/gcc/avr/3.4.3/../../../../avr/lib/avr5\libprintf_flt.a(vfprintf_flt.o) (__mulsf3)
C:/WinAVR/bin/../lib/gcc/avr/3.4.3/../../../../avr/lib/avr5\libm.a(mulsf3x.o)
                              C:/WinAVR/bin/../lib/gcc/avr/3.4.3/../../../../avr/lib/avr5\libm.a(mulsf3.o) (__mulsf3x)
C:/WinAVR/bin/../lib/gcc/avr/3.4.3/../../../../avr/lib/avr5\libm.a(addsf3.o)
                              C:/WinAVR/bin/../lib/gcc/avr/3.4.3/../../../../avr/lib/avr5\libm.a(modf.o) (__addsf3)
C:/WinAVR/bin/../lib/gcc/avr/3.4.3/../../../../avr/lib/avr5\libm.a(addsf3x.o)
                              C:/WinAVR/bin/../lib/gcc/avr/3.4.3/../../../../avr/lib/avr5\libm.a(addsf3.o) (__addsf3x)
C:/WinAVR/bin/../lib/gcc/avr/3.4.3/../../../../avr/lib/avr5\libm.a(floatsisf.o)
                              C:/WinAVR/bin/../lib/gcc/avr/3.4.3/../../../../avr/lib/avr5\libm.a(modf.o) (__floatsisf)
C:/WinAVR/bin/../lib/gcc/avr/3.4.3/../../../../avr/lib/avr5\libm.a(fp_merge.o)
                              C:/WinAVR/bin/../lib/gcc/avr/3.4.3/../../../../avr/lib/avr5\libm.a(modf.o) (__fp_merge)
C:/WinAVR/bin/../lib/gcc/avr/3.4.3/../../../../avr/lib/avr5\libm.a(fp_nan.o)
                              C:/WinAVR/bin/../lib/gcc/avr/3.4.3/../../../../avr/lib/avr5\libm.a(fp_split.o) (__fp_nan)
C:/WinAVR/bin/../lib/gcc/avr/3.4.3/avr5\libgcc.a(_divmodhi4.o)
                              mac.o (__divmodhi4)
C:/WinAVR/bin/../lib/gcc/avr/3.4.3/avr5\libgcc.a(_udivmodsi4.o)
                              phy.o (__udivmodsi4)
C:/WinAVR/bin/../lib/gcc/avr/3.4.3/avr5\libgcc.a(_clear_bss.o)
                              main.o (__do_clear_bss)
C:/WinAVR/bin/../lib/gcc/avr/3.4.3/avr5\libgcc.a(_udivmodhi4.o)
                              C:/WinAVR/bin/../lib/gcc/avr/3.4.3/avr5\libgcc.a(_divmodhi4.o) (__udivmodhi4)
C:/WinAVR/bin/../lib/gcc/avr/3.4.3/../../../../avr/lib/avr5\libc.a(fdevopen.o)
                              uart0.o (fdevopen)
C:/WinAVR/bin/../lib/gcc/avr/3.4.3/../../../../avr/lib/avr5\libc.a(fputc.o)
                              C:/WinAVR/bin/../lib/gcc/avr/3.4.3/../../../../avr/lib/avr5\libprintf_flt.a(vfprintf_flt.o) (fputc)
C:/WinAVR/bin/../lib/gcc/avr/3.4.3/../../../../avr/lib/avr5\libc.a(malloc.o)
                              cc2420.o (malloc)
C:/WinAVR/bin/../lib/gcc/avr/3.4.3/../../../../avr/lib/avr5\libc.a(printf.o)
                              main.o (printf)
C:/WinAVR/bin/../lib/gcc/avr/3.4.3/../../../../avr/lib/avr5\libc.a(puts.o)
                              main.o (puts)
C:/WinAVR/bin/../lib/gcc/avr/3.4.3/../../../../avr/lib/avr5\libc.a(strlen_P.o)
                              C:/WinAVR/bin/../lib/gcc/avr/3.4.3/../../../../avr/lib/avr5\libprintf_flt.a(vfprintf_flt.o) (strlen_P)
C:/WinAVR/bin/../lib/gcc/avr/3.4.3/../../../../avr/lib/avr5\libc.a(strnlen.o)
                              C:/WinAVR/bin/../lib/gcc/avr/3.4.3/../../../../avr/lib/avr5\libprintf_flt.a(vfprintf_flt.o) (strnlen)
C:/WinAVR/bin/../lib/gcc/avr/3.4.3/../../../../avr/lib/avr5\libc.a(strnlen_P.o)
                              C:/WinAVR/bin/../lib/gcc/avr/3.4.3/../../../../avr/lib/avr5\libprintf_flt.a(vfprintf_flt.o) (strnlen_P)
C:/WinAVR/bin/../lib/gcc/avr/3.4.3/../../../../avr/lib/avr5\libc.a(calloc.o)
                              C:/WinAVR/bin/../lib/gcc/avr/3.4.3/../../../../avr/lib/avr5\libc.a(fdevopen.o) (calloc)
C:/WinAVR/bin/../lib/gcc/avr/3.4.3/../../../../avr/lib/avr5\libc.a(memset.o)
[...]
Memory Configuration

Name             Origin             Length             Attributes
text             0x00000000         0x00020000         xr
data             0x00800060         0x0000ffa0         rw !x
eeprom           0x00810000         0x00010000         rw !x
*default*        0x00000000         0xffffffff

Linker script and memory map

Address of section .data set to 0x800100
LOAD C:/WinAVR/bin/../lib/gcc/avr/3.4.3/../../../../avr/lib/avr5/crtm128.o
LOAD main.o
LOAD led.o
LOAD interupter.o
LOAD os.o
LOAD kertimer.o
LOAD avrhardware.o
LOAD uart0.o
LOAD cc2420.o
LOAD phy.o
LOAD systime.o
LOAD backoff_timer.o
LOAD timer3.o
LOAD timer_queue.o
LOAD mac.o
LOAD adc_sensor.o
LOAD router.o
LOAD C:/WinAVR/bin/../lib/gcc/avr/3.4.3/../../../../avr/lib/avr5\libprintf_flt.a
LOAD C:/WinAVR/bin/../lib/gcc/avr/3.4.3/../../../../avr/lib/avr5\libm.a
LOAD C:/WinAVR/bin/../lib/gcc/avr/3.4.3/avr5\libgcc.a
LOAD C:/WinAVR/bin/../lib/gcc/avr/3.4.3/../../../../avr/lib/avr5\libc.a
LOAD C:/WinAVR/bin/../lib/gcc/avr/3.4.3/avr5\libgcc.a

.hash
 *(.hash)

.dynsym
 *(.dynsym)

.dynstr
 *(.dynstr)

.gnu.version
 *(.gnu.version)

.gnu.version_d
 *(.gnu.version_d)

.gnu.version_r
 *(.gnu.version_r)

.rel.init
 *(.rel.init)

.rela.init
 *(.rela.init)

.rel.text
 *(.rel.text)
 *(.rel.text.*)
 *(.rel.gnu.linkonce.t*)

.rela.text
 *(.rela.text)
 *(.rela.text.*)
 *(.rela.gnu.linkonce.t*)

.rel.fini
 *(.rel.fini)

.rela.fini
 *(.rela.fini)

.rel.rodata
 *(.rel.rodata)
 *(.rel.rodata.*)
 *(.rel.gnu.linkonce.r*)

.rela.rodata
 *(.rela.rodata)
 *(.rela.rodata.*)
 *(.rela.gnu.linkonce.r*)

.rel.data
 *(.rel.data)
 *(.rel.data.*)
 *(.rel.gnu.linkonce.d*)

.rela.data
 *(.rela.data)
 *(.rela.data.*)
 *(.rela.gnu.linkonce.d*)

.rel.ctors
 *(.rel.ctors)

.rela.ctors
 *(.rela.ctors)

.rel.dtors
 *(.rel.dtors)

.rela.dtors
 *(.rela.dtors)

.rel.got
 *(.rel.got)

.rela.got
 *(.rela.got)

.rel.bss
 *(.rel.bss)

.rela.bss
 *(.rela.bss)

.rel.plt
 *(.rel.plt)

.rela.plt
 *(.rela.plt)

.text           0x00000000     0x7c78
 *(.vectors)
 .vectors       0x00000000       0x8c C:/WinAVR/bin/../lib/gcc/avr/3.4.3/../../../../avr/lib/avr5/crtm128.o
                0x00000000                __vectors
                0x00000000                __vector_default
                0x0000008c                __ctors_start = .
 *(.ctors)
                0x0000008c                __ctors_end = .
                0x0000008c                __dtors_start = .
 *(.dtors)
                0x0000008c                __dtors_end = .
 *(.progmem.gcc*)
 *(.progmem*)
                0x0000008c                . = ALIGN (0x2)
 *(.init0)
 *(.init1)
 *(.init2)
 .init2         0x0000008c        0xc C:/WinAVR/bin/../lib/gcc/avr/3.4.3/../../../../avr/lib/avr5/crtm128.o
 *(.init3)
 *(.init4)
 .init4         0x00000098       0x1a C:/WinAVR/bin/../lib/gcc/avr/3.4.3/../../../../avr/lib/avr5/crtm128.o
                0x00000098                __do_copy_data
 .init4         0x000000b2       0x10 C:/WinAVR/bin/../lib/gcc/avr/3.4.3/avr5\libgcc.a(_clear_bss.o)
                0x000000b2                __do_clear_bss
 *(.init5)
 *(.init6)
 *(.init7)
 *(.init8)
 *(.init9)
 .init9         0x000000c2        0x4 C:/WinAVR/bin/../lib/gcc/avr/3.4.3/../../../../avr/lib/avr5/crtm128.o
 *(.text)
 .text          0x000000c6        0x4 C:/WinAVR/bin/../lib/gcc/avr/3.4.3/../../../../avr/lib/avr5/crtm128.o
                0x000000c6                __vector_22
                0x000000c6                __vector_28
                0x000000c6                __vector_1
                0x000000c6                __vector_32
                0x000000c6                __vector_34
                0x000000c6                __vector_24
                0x000000c6                __bad_interrupt
                0x000000c6                __vector_6
                0x000000c6                __vector_31
                0x000000c6                __vector_3
                0x000000c6                __vector_23
                0x000000c6                __vector_30
                0x000000c6                __vector_25
                0x000000c6                __vector_13
                0x000000c6                __vector_17
                0x000000c6                __vector_19
                0x000000c6                __vector_27
                0x000000c6                __vector_5
                0x000000c6                __vector_33
                0x000000c6                __vector_4
                0x000000c6                __vector_2
                0x000000c6                __vector_21
                0x000000c6                __vector_29
                0x000000c6                __vector_8
                0x000000c6                __vector_10
                0x000000c6                __vector_16
                0x000000c6                __vector_18
                0x000000c6                __vector_20
 .text          0x000000ca      0x354 main.o
                0x000000e4                GET_ADC_value
                0x000000ca                hardwareInit
                0x000000fa                main
                0x000000d4                memory_init
 .text          0x0000041e      0x194 led.o
                0x000004ea                Leds_greenOff
                0x00000474                Leds_yellowOff
                0x0000050e                Leds_greenToggle
                0x00000450                Leds_yellowOn
                0x00000498                Leds_yellowToggle
                0x00000560                Leds_redOff
                0x0000041e                Leds_init
                0x000004c6                Leds_greenOn
                0x0000053c                Leds_redOn
                0x00000584                Leds_redToggle
 .text          0x000005b2      0x310 interupter.o
                0x000005fa                __vector_12
                0x000006ce                __vector_11
                0x000005b2                __vector_7
                0x00000792                __vector_9
                0x00000864                __vector_15
                0x000007f4                __vector_26
                0x00000730                __vector_14
 .text          0x000008c2      0x104 os.o
                0x000008d8                OS_sleep
                0x00000946                OS_run_next_task
                0x000008ca                os_atomic_start
                0x00000988                OS_run_task
                0x000008ec                OS_post
                0x000008e2                OS_sched_init
                0x000008c6                os_atomic_end
                0x0000092c                error
                0x000008d2                OS_wait
                0x000008c2                os_atomic_enable_interrupt
 .text          0x000009c6      0x47a kertimer.o
                0x000009f0                timer0_getInterval
                0x00000b40                kertimer_stop
                0x000009f8                timer0_hardware_get_counter
                0x00000a5a                kertimer_start
                0x00000c32                KERTimer_Fire
                0x000009fe                kertimer_init
 .text          0x00000e40      0x6f2 avrhardware.o
                0x000012e0                OS_READ_I2C_BUS1_SDA_PIN
                0x00000fb0                OS_MAKE_CC_CCA_INPUT
                0x00000f50                OS_READ_CC_VREN_PIN
                0x00000eaa                OS_READ_YELLOW_LED_PIN
                0x0000114c                OS_MAKE_INT3_INPUT
                0x0000110c                OS_SET_INT2_PIN
                0x00000f0c                OS_READ_THERM_PWR_PIN
                0x00000e62                OS_SET_RED_LED_PIN
                0x00001108                OS_MAKE_INT1_INPUT
                0x000010aa                OS_READ_FLASH_IN_PIN
                0x00001282                OS_READ_PW6_PIN
                0x0000122e                OS_MAKE_PW3_INPUT
                0x00000f88                OS_MAKE_CC_FIFOP1_OUTPUT
                0x00001350                OS_SET_UART_RXD1_PIN
                0x0000127e                OS_CLR_PW6_PIN
                0x000012c2                OS_CLR_I2C_BUS1_SCL_PIN
                0x000012d8                OS_SET_I2C_BUS1_SDA_PIN
                0x000012be                OS_SET_I2C_BUS1_SCL_PIN
                0x00000fb4                OS_SET_CC_SFD_PIN
                0x00001506                rcombine4
                0x000012b6                OS_MAKE_PW7_OUTPUT
                0x00001326                OS_MAKE_UART_TXD0_OUTPUT
                0x00001256                OS_SET_PW5_PIN
                0x00001252                OS_MAKE_PW4_INPUT
                0x0000134c                OS_MAKE_UART_XCK0_INPUT
                0x000014f4                rcombine
                0x000010a2                OS_SET_FLASH_IN_PIN
                0x00001148                OS_MAKE_INT3_OUTPUT
                0x00000ec0                OS_CLR_SERIAL_ID_PIN
                0x00000f94                OS_CLR_CC_CCA_PIN
                0x00000f8c                OS_MAKE_CC_FIFOP1_INPUT
                0x000010a6                OS_CLR_FLASH_IN_PIN
                0x0000120a                OS_MAKE_PW2_INPUT
                0x0000118e                OS_MAKE_MISO_OUTPUT
                0x000011d2                OS_CLR_PW1_PIN
                0x000011b4                OS_SET_PW0_PIN
                0x00000ea2                OS_SET_YELLOW_LED_PIN
                0x00000fdc                OS_CLR_CC_CS_PIN
                0x00001314                OS_CLR_UART_TXD0_PIN
                0x00001236                OS_CLR_PW4_PIN
                0x000012fe                OS_READ_UART_RXD0_PIN
                0x000012ba                OS_MAKE_PW7_INPUT
                0x00000fd4                OS_MAKE_CC_SFD_INPUT
                0x00001110                OS_CLR_INT2_PIN
                0x0000132e                OS_SET_UART_XCK0_PIN
                0x0000122a                OS_MAKE_PW3_OUTPUT
                0x0000119e                OS_READ_SPI_SCK_PIN
                0x00000ee0                OS_SET_BAT_MON_PIN
                0x00000f2c                OS_READ_CC_RSTN_PIN
                0x00001032                OS_MAKE_RADIO_CCA_INPUT
                0x000010bc                OS_MAKE_FLASH_IN_OUTPUT
                0x0000107a                OS_MAKE_FLASH_CLK_INPUT
                0x000012c6                OS_READ_I2C_BUS1_SCL_PIN
                0x000011e4                OS_MAKE_PW1_OUTPUT
                0x00001372                OS_SET_UART_TXD1_PIN
                0x00000e9a                OS_MAKE_GREEN_LED_OUTPUT
                0x00001354                OS_CLR_UART_RXD1_PIN
                0x0000129e                OS_SET_PW7_PIN
                0x000011c6                OS_MAKE_PW0_OUTPUT
                0x00001206                OS_MAKE_PW2_OUTPUT
                0x000011f0                OS_CLR_PW2_PIN
                0x00001392                OS_MAKE_UART_TXD1_INPUT
                0x00000ebc                OS_SET_SERIAL_ID_PIN
                0x0000103e                OS_READ_FLASH_SELECT_PIN
                0x0000105e                OS_CLR_FLASH_CLK_PIN
                0x00001232                OS_SET_PW4_PIN
                0x00001296                OS_MAKE_PW6_OUTPUT
                0x00001176                OS_CLR_MISO_PIN
                0x000010e4                OS_MAKE_INT0_INPUT
                0x0000130c                OS_MAKE_UART_RXD0_INPUT
                0x00000efc                OS_MAKE_BAT_MON_OUTPUT
                0x000010c8                OS_CLR_INT0_PIN
                0x00000ed8                OS_MAKE_SERIAL_ID_OUTPUT
                0x00000fb8                OS_CLR_CC_SFD_PIN
                0x0000116a                OS_MAKE_MOSI_OUTPUT
                0x000011ac                OS_MAKE_SPI_SCK_OUTPUT
                0x00001358                OS_READ_UART_RXD1_PIN
                0x0000139e                OS_READ_UART_XCK1_PIN
                0x000010cc                OS_READ_INT0_PIN
                0x00001130                OS_SET_INT3_PIN
                0x0000117a                OS_READ_MISO_PIN
                0x00001310                OS_SET_UART_TXD0_PIN
                0x000012f2                OS_MAKE_I2C_BUS1_SDA_INPUT
                0x0000103a                OS_CLR_FLASH_SELECT_PIN
                0x00000e40                OS_wait_250ns
                0x0000124e                OS_MAKE_PW4_OUTPUT
                0x000010ec                OS_CLR_INT1_PIN
                0x0000109a                OS_MAKE_FLASH_OUT_OUTPUT
                0x00001158                OS_READ_MOSI_PIN
                0x00001056                OS_MAKE_FLASH_SELECT_INPUT
                0x00000f90                OS_SET_CC_CCA_PIN
                0x0000100e                OS_MAKE_CC_FIFO_INPUT
                0x0000105a                OS_SET_FLASH_CLK_PIN
                0x00000ff6                OS_CLR_CC_FIFO_PIN
                0x0000119a                OS_CLR_SPI_SCK_PIN
                0x00000f00                OS_MAKE_BAT_MON_INPUT
                0x00000f1c                OS_MAKE_THERM_PWR_OUTPUT
                0x0000102e                OS_MAKE_RADIO_CCA_OUTPUT
                0x0000127a                OS_SET_PW6_PIN
                0x0000125e                OS_READ_PW5_PIN
                0x00000f6c                OS_SET_CC_FIFOP1_PIN
                0x0000101a                OS_READ_RADIO_CCA_PIN
                0x0000116e                OS_MAKE_MOSI_INPUT
                0x00000f28                OS_CLR_CC_RSTN_PIN
                0x0000136e                OS_MAKE_UART_RXD1_INPUT
                0x000010c0                OS_MAKE_FLASH_IN_INPUT
                0x00000fea                OS_MAKE_CC_CS_OUTPUT
                0x00001474                toLSB16
                0x00000f74                OS_READ_CC_FIFOP1_PIN
                0x0000100a                OS_MAKE_CC_FIFO_OUTPUT
                0x000013ba                OS_SET_PIN_DIRECTIONS
                0x00000f70                OS_CLR_CC_FIFOP1_PIN
                0x00000fee                OS_MAKE_CC_CS_INPUT
                0x00001348                OS_MAKE_UART_XCK0_OUTPUT
                0x00000f4c                OS_CLR_CC_VREN_PIN
                0x00000e66                OS_CLR_RED_LED_PIN
                0x00001318                OS_READ_UART_TXD0_PIN
                0x00001104                OS_MAKE_INT1_OUTPUT
                0x00001154                OS_CLR_MOSI_PIN
                0x00001012                OS_SET_RADIO_CCA_PIN
                0x00000edc                OS_MAKE_SERIAL_ID_INPUT
                0x00000ee4                OS_CLR_BAT_MON_PIN
                0x000013b6                OS_MAKE_UART_XCK1_INPUT
                0x00000e46                OS_uwait
                0x00000ee8                OS_READ_BAT_MON_PIN
                0x00001336                OS_READ_UART_XCK0_PIN
                0x00000ff2                OS_SET_CC_FIFO_PIN
                0x0000109e                OS_MAKE_FLASH_OUT_INPUT
                0x000011b8                OS_CLR_PW0_PIN
                0x00000ea6                OS_CLR_YELLOW_LED_PIN
                0x000013b2                OS_MAKE_UART_XCK1_OUTPUT
                0x00001134                OS_CLR_INT3_PIN
                0x00001138                OS_READ_INT3_PIN
                0x00001212                OS_CLR_PW3_PIN
                0x000011d6                OS_READ_PW1_PIN
                0x00000ec4                OS_READ_SERIAL_ID_PIN
                0x00000eb8                OS_MAKE_YELLOW_LED_INPUT
                0x00000e84                OS_SET_GREEN_LED_PIN
                0x00000f48                OS_SET_CC_VREN_PIN
                0x0000125a                OS_CLR_PW5_PIN
                0x00001196                OS_SET_SPI_SCK_PIN
                0x00001332                OS_CLR_UART_XCK0_PIN
                0x0000107e                OS_SET_FLASH_OUT_PIN
                0x00000eb4                OS_MAKE_YELLOW_LED_OUTPUT
                0x000012fa                OS_CLR_UART_RXD0_PIN
                0x00000e7c                OS_MAKE_RED_LED_OUTPUT
                0x0000120e                OS_SET_PW3_PIN
                0x00001192                OS_MAKE_MISO_INPUT
                0x000010f0                OS_READ_INT1_PIN
                0x000012d0                OS_MAKE_I2C_BUS1_SCL_OUTPUT
                0x00001076                OS_MAKE_FLASH_CLK_OUTPUT
                0x00001276                OS_MAKE_PW5_INPUT
                0x000010e0                OS_MAKE_INT0_OUTPUT
                0x00001086                OS_READ_FLASH_OUT_PIN
                0x0000138e                OS_MAKE_UART_TXD1_OUTPUT
                0x00001150                OS_SET_MOSI_PIN
                0x00000f08                OS_CLR_THERM_PWR_PIN
                0x00000e6a                OS_READ_RED_LED_PIN
                0x00000fd8                OS_SET_CC_CS_PIN
                0x00001016                OS_CLR_RADIO_CCA_PIN
                0x000011f4                OS_READ_PW2_PIN
                0x00001128                OS_MAKE_INT2_OUTPUT
                0x0000129a                OS_MAKE_PW6_INPUT
                0x00001036                OS_SET_FLASH_SELECT_PIN
                0x00001272                OS_MAKE_PW5_OUTPUT
                0x00000f64                OS_MAKE_CC_VREN_OUTPUT
                0x00000e88                OS_CLR_GREEN_LED_PIN
                0x00001438                is_host_lsb
                0x00001082                OS_CLR_FLASH_OUT_PIN
                0x00001052                OS_MAKE_FLASH_SELECT_OUTPUT
                0x000012f6                OS_SET_UART_RXD0_PIN
                0x00000f98                OS_READ_CC_CCA_PIN
                0x00000e80                OS_MAKE_RED_LED_INPUT
                0x000012d4                OS_MAKE_I2C_BUS1_SCL_INPUT
                0x000011ca                OS_MAKE_PW0_INPUT
                0x00001172                OS_SET_MISO_PIN
                0x00001308                OS_MAKE_UART_RXD0_OUTPUT
                0x00000e9e                OS_MAKE_GREEN_LED_INPUT
                0x00001114                OS_READ_INT2_PIN
                0x00000f44                OS_MAKE_CC_RSTN_INPUT
                0x000014b4                fromLSB16
                0x00001376                OS_CLR_UART_TXD1_PIN
                0x000012dc                OS_CLR_I2C_BUS1_SDA_PIN
                0x0000132a                OS_MAKE_UART_TXD0_INPUT
                0x00000f20                OS_MAKE_THERM_PWR_INPUT
                0x0000123a                OS_READ_PW4_PIN
                0x00000f04                OS_SET_THERM_PWR_PIN
                0x00000e8c                OS_READ_GREEN_LED_PIN
                0x000010e8                OS_SET_INT1_PIN
                0x00000ffa                OS_READ_CC_FIFO_PIN
                0x00000fe0                OS_READ_CC_CS_PIN
                0x00000f24                OS_SET_CC_RSTN_PIN
                0x0000112c                OS_MAKE_INT2_INPUT
                0x00000f40                OS_MAKE_CC_RSTN_OUTPUT
                0x000012ee                OS_MAKE_I2C_BUS1_SDA_OUTPUT
                0x000011ce                OS_SET_PW1_PIN
                0x00000fac                OS_MAKE_CC_CCA_OUTPUT
                0x000011ec                OS_SET_PW2_PIN
                0x00000fd0                OS_MAKE_CC_SFD_OUTPUT
                0x000011e8                OS_MAKE_PW1_INPUT
                0x000012a6                OS_READ_PW7_PIN
                0x0000136a                OS_MAKE_UART_RXD1_OUTPUT
                0x000012a2                OS_CLR_PW7_PIN
                0x0000139a                OS_CLR_UART_XCK1_PIN
                0x00001396                OS_SET_UART_XCK1_PIN
                0x0000137a                OS_READ_UART_TXD1_PIN
                0x00001216                OS_READ_PW3_PIN
                0x000011bc                OS_READ_PW0_PIN
                0x00000fbc                OS_READ_CC_SFD_PIN
                0x000011b0                OS_MAKE_SPI_SCK_INPUT
                0x00000f68                OS_MAKE_CC_VREN_INPUT
                0x00001062                OS_READ_FLASH_CLK_PIN
                0x000010c4                OS_SET_INT0_PIN
 .text          0x00001532       0x4c uart0.o
                0x0000154e                usart_putbyte
                0x0000155a                usart_getchar
                0x00001564                IoInit
                0x00001532                usart_putchar
 .text          0x0000157e      0x9d6 cc2420.o
                0x00001dc4                cc2420_init
                0x0000166c                cc2420_readreg
                0x0000174c                cc2420_setreg
                0x000015b2                cc2420_reginit
                0x000018d0                cc2420_writelargeram
                0x00001cda                cc2420_getshortaddress
                0x00001c94                cc2420_setshortaddress
                0x00001d9a                cc2420_set_ieee
                0x00001da8                cc2420_set_cordinator
                0x00001720                cc2420_sendcmd
                0x0000157e                cc2420_pin_init
                0x00001d70                cc2420_bcn_accept
                0x000016c8                cc2420_writereg
                0x00001bd8                cc2420_disableAutoAck
                0x000019a4                cc2420_writetxfifo
                0x00001b8a                cc2420_oscoff
                0x00001d8c                cc2420_get_ieee
                0x00001c4a                cc2420_settxccamode
                0x00001c3e                cc2420_settxmode
                0x00001b56                cc2420_oscon
                0x00001654                cc2420_enablefifop
                0x00001c56                cc2420_setrfoff
                0x00001c32                cc2420_setrxmode
                0x00001d32                cc2420_getpanid
                0x00001a24                cc2420_readrxfifo
                0x00001cec                cc2420_setpanid
                0x00001bba                cc2420_enableAutoAck
                0x00001830                cc2420_readlargeram
                0x00001afc                cc2420_fifopintr
                0x00001b96                cc2420_VREFOn
                0x00001ba8                cc2420_VREFOff
                0x00001c62                cc2420_setchnl
                0x00001bf6                cc2420_enableAddrDecode
                0x00001c14                cc2420_disableAddrDecode
 .text          0x00001f54      0x550 phy.o
                0x00001fe8                PLME_ED_request
                0x00002024                PLME_SET_TRX_STATE_request
                0x00001f6e                PD_DATA_request
                0x00002308                phy_handlepacket
                0x000021b4                PLME_SET_request
                0x000024a2                ack_send_handle_pending
                0x000020e0                PLME_GET_request
                0x00001fa6                PLME_CCA_request
                0x00002244                ack_send_handle_no_pending
                0x00001f54                phy_init
 .text          0x000024a4      0x434 systime.o
                0x0000251e                systime_stop
                0x000024b4                systime32
                0x000024a4                systime16L
                0x000027ae                systimer_task_fire
                0x000025ae                Timer1_getnextInterval
                0x000028a4                get_timestamp16L
                0x000028aa                get_timestamp32
                0x000024aa                systime16H
                0x000024f2                systime_init
                0x00002560                Timer1_acquireInterval
                0x0000255a                Timer1_sethalfsymbol
                0x00002522                Timer1_OCR_intDisable
                0x0000289a                get_timestamp16H
                0x00002532                Timer1_setInterval
                0x000025cc                systimer_start_task
                0x0000274e                systimer_stop_task
                0x00002592                Timer1_adjustInterval
 .text          0x000028d8       0x9c backoff_timer.o
                0x00002930                backoff_timer_fire
                0x00002918                backoff_timer_stop
                0x000028e0                timer2_setIntervalAndScale
                0x0000293c                backoff_timer_isset
                0x000028d8                timer2_intDisable
                0x00002944                backoff_timer_setOneShot
 .text          0x00002974      0x108 timer3.o
                0x00002974                Timer3_intDisable
                0x00002a56                Timer3_adjustInterval
                0x00002a30                Timer3_acquireInterval
                0x00002992                Timer3_fire
                0x00002998                Timer3_setIntervalAndScale
                0x00002a04                Timer3_sethalfsymbol
                0x00002a76                Timer3_getnextInterval
 .text          0x00002a7c      0x1d4 timer_queue.o
                0x00002a7c                timer3queue_init
                0x00002b88                timer3quere_cancel
                0x00002a7e                timer3queue_start
                0x00002c42                timer3queue_interrupt
                0x00002c3c                timer3queue_getnextinterval
 .text          0x00002c50     0x3776 mac.o
                0x00004d48                associate_request_frame_send
                0x00004b5e                scan_task
                0x00003bbc                PD_DATA_indication
                0x00004614                orphan_notification_frame_send
                0x0000351a                timerqueue_adjust
                0x00004e3a                mlmeAssociateRequest
                0x00003be6                add_tx_queue
                0x0000609c                do_backoff
                0x000032e8                Is_data_pending
                0x000054b0                mlmeBeaconNotifyIndication
                0x00002d1c                mlmeResetRequest
                0x00006090                random_generate
                0x0000502a                pending_data_send
                0x000060f2                csma_initial
                0x00003aa0                mlmeAssociateIndication
                0x000033ae                beacon_frame_tx_timing
                0x00003c96                mac_frame_send
                0x00002f04                mlmeStartConfirm
                0x00002fa2                mlmeSyncRequest
                0x0000608e                initial_pending_queue
                0x0000320c                get_pending_frame
                0x000031f0                get_frame_pointer
                0x000051f8                mcpsDataRequest
                0x000053da                data_request_frame_send
                0x00004326                coordinator_realignment_frame_send
                0x00002f60                mlmeDisassociateIndication
                0x000044a6                mlmeOrphanIndication
                0x0000636e                transmit_with_csmaca
                0x00002f9c                mlmeCommStatusIndication
                0x00003b38                add_to_rx_buffer
                0x00004258                associate_response_frame_send
                0x00003c68                direct_transmit
                0x00004be2                disassociate_notification_frame_send
                0x00002e64                mlmeScanConfirm
                0x000037e4                remove_from_rx_buffer
                0x00002fa0                mlmeRxEnableConfirm
                0x0000388a                add_pending_queue
                0x00003052                synrequest_task
                0x000031da                mcpsDataIndication
                0x00002c50                MAC_init
                0x00004c92                mlmeDisassociateRequest
                0x00004932                mlmeScanRequest
                0x0000386a                mac_timer3queue_getnextinterval
                0x00002f06                mlmeAssociateConfirm
                0x000044f8                mlmeStartRequest
                0x00004b70                panid_confilct_frame_send
                0x0000305e                mlmesyn_finished
                0x000031ca                mcpsDataConfirm
                0x00002f8c                mlmeDisassociateConfirm
                0x00003538                remove_pending_queue
                0x00005afe                mac_get_received_frame
                0x00006222                CSMA_CA_DOING
                0x0000560e                mac_frame_rcvd
                0x00004452                mlmeSyncLossIndication
                0x00004480                mlmeOrphanResponse
                0x000033ac                beacon_request_frame_send
                0x00004efa                data_frame_send
                0x0000414a                beacon_frame_send
                0x00002e62                mlmeSetRequest
                0x000061f6                failure_to_tx_with_csma
                0x00003888                initial_tx_queue
                0x000046a4                mac_timer_task
                0x00002f9e                mlmeRxEnableRequest
                0x00003a30                mlmeAssociateResponse
                0x00003800                remove_tx_queue
                0x0000379c                pending_frame_handle
 .text          0x000063c6       0xa0 adc_sensor.o
                0x000063c6                adc_init
                0x000063dc                sensor_init
                0x000063f6                read_data_task
 .text          0x00006466      0x338 router.o
                0x00006578                short_address_allocate_req
                0x00006466                associate_tab_init
                0x000066ec                sensor_data_tx_to_pc
                0x00006488                router_init
                0x00006556                get_a_short_address
                0x00006640                disassociate_req
                0x000064a2                Is_associated
 .text          0x0000679e      0xd54 C:/WinAVR/bin/../lib/gcc/avr/3.4.3/../../../../avr/lib/avr5\libprintf_flt.a(vfprintf_flt.o)
                0x0000679e                vfprintf
 .text          0x000074f2       0x92 C:/WinAVR/bin/../lib/gcc/avr/3.4.3/../../../../avr/lib/avr5\libc.a(fdevopen.o)
                0x000074f2                fdevopen
 .text          0x00007584       0x66 C:/WinAVR/bin/../lib/gcc/avr/3.4.3/../../../../avr/lib/avr5\libc.a(fputc.o)
                0x00007584                fputc
 .text          0x000075ea      0x222 C:/WinAVR/bin/../lib/gcc/avr/3.4.3/../../../../avr/lib/avr5\libc.a(malloc.o)
                0x000075ea                malloc
                0x00007748                free
 .text          0x0000780c       0x2a C:/WinAVR/bin/../lib/gcc/avr/3.4.3/../../../../avr/lib/avr5\libc.a(printf.o)
                0x0000780c                printf
 .text          0x00007836       0x70 C:/WinAVR/bin/../lib/gcc/avr/3.4.3/../../../../avr/lib/avr5\libc.a(puts.o)
                0x00007836                puts
 .text          0x000078a6       0x12 C:/WinAVR/bin/../lib/gcc/avr/3.4.3/../../../../avr/lib/avr5\libc.a(strlen_P.o)
                0x000078a6                strlen_P
 .text          0x000078b8       0x16 C:/WinAVR/bin/../lib/gcc/avr/3.4.3/../../../../avr/lib/avr5\libc.a(strnlen.o)
                0x000078b8                strnlen
 .text          0x000078ce       0x16 C:/WinAVR/bin/../lib/gcc/avr/3.4.3/../../../../avr/lib/avr5\libc.a(strnlen_P.o)
                0x000078ce                strnlen_P
 .text          0x000078e4       0x38 C:/WinAVR/bin/../lib/gcc/avr/3.4.3/../../../../avr/lib/avr5\libc.a(calloc.o)
                0x000078e4                calloc
 .text          0x0000791c        0xe C:/WinAVR/bin/../lib/gcc/avr/3.4.3/../../../../avr/lib/avr5\libc.a(memset.o)
                0x0000791c                memset
                0x0000792a                . = ALIGN (0x2)
 *(.text.*)
 .text.fplib    0x0000792a       0x36 C:/WinAVR/bin/../lib/gcc/avr/3.4.3/../../../../avr/lib/avr5\libm.a(fixsfsi.o)
                0x0000792a                __fixsfsi
                0x00007950                __fp_lneg
                0x0000792a                __fixunssfsi
 .text.fplib    0x00007960       0x44 C:/WinAVR/bin/../lib/gcc/avr/3.4.3/../../../../avr/lib/avr5\libm.a(fp_cmp.o)
                0x00007960                __lesf2
                0x00007960                __nesf2
                0x00007966                __gtsf2
                0x00007960                __eqsf2
                0x0000796c                __cmpsf2
                0x00007960                __ltsf2
                0x00007966                __gesf2
 .text.fplib    0x000079a4       0x34 C:/WinAVR/bin/../lib/gcc/avr/3.4.3/../../../../avr/lib/avr5\libm.a(fp_split.o)
                0x000079a4                __fp_split3
                0x000079aa                __fp_split2
                0x000079bc                __fp_split1
 .text.fplib    0x000079d8        0xa C:/WinAVR/bin/../lib/gcc/avr/3.4.3/../../../../avr/lib/avr5\libm.a(fp_zero.o)
                0x000079d8                __fp_zero
                0x000079de                __fp_zerox
 .text.fplib    0x000079e2       0x20 C:/WinAVR/bin/../lib/gcc/avr/3.4.3/../../../../avr/lib/avr5\libm.a(isinfnan.o)
                0x000079f0                isinf
                0x000079e2                isnan
 .text.fplib    0x00007a02       0x62 C:/WinAVR/bin/../lib/gcc/avr/3.4.3/../../../../avr/lib/avr5\libm.a(modf.o)
                0x00007a02                modf
 .text.fplib    0x00007a64        0xe C:/WinAVR/bin/../lib/gcc/avr/3.4.3/../../../../avr/lib/avr5\libm.a(mulsf3.o)
                0x00007a64                square
                0x00007a6c                __mulsf3
 .text.fplib    0x00007a72       0x96 C:/WinAVR/bin/../lib/gcc/avr/3.4.3/../../../../avr/lib/avr5\libm.a(mulsf3x.o)
                0x00007a72                __mulsf3x
 .text.fplib    0x00007b08        0xa C:/WinAVR/bin/../lib/gcc/avr/3.4.3/../../../../avr/lib/avr5\libm.a(addsf3.o)
                0x00007b08                __subsf3
                0x00007b0a                __addsf3
 .text.fplib    0x00007b12       0x7c C:/WinAVR/bin/../lib/gcc/avr/3.4.3/../../../../avr/lib/avr5\libm.a(addsf3x.o)
                0x00007b12                __addsf3x
 .text.fplib    0x00007b8e       0x18 C:/WinAVR/bin/../lib/gcc/avr/3.4.3/../../../../avr/lib/avr5\libm.a(floatsisf.o)
                0x00007b92                __floatsisf
                0x00007b8e                __floatunssisf
 .text.fplib    0x00007ba6       0x3a C:/WinAVR/bin/../lib/gcc/avr/3.4.3/../../../../avr/lib/avr5\libm.a(fp_merge.o)
                0x00007bb0                __fp_merge
 .text.fplib    0x00007be0        0x6 C:/WinAVR/bin/../lib/gcc/avr/3.4.3/../../../../avr/lib/avr5\libm.a(fp_nan.o)
                0x00007be0                __fp_nanERANGE
                0x00007be0                __fp_nan
                0x00007be0                __fp_nanEDOM
                0x00007be0                __fp_nanx
 .text.libgcc   0x00007be6       0x26 C:/WinAVR/bin/../lib/gcc/avr/3.4.3/avr5\libgcc.a(_divmodhi4.o)
                0x00007be6                __divmodhi4
                0x00007be6                _div
 .text.libgcc   0x00007c0c       0x44 C:/WinAVR/bin/../lib/gcc/avr/3.4.3/avr5\libgcc.a(_udivmodsi4.o)
                0x00007c0c                __udivmodsi4
 .text.libgcc   0x00007c50       0x28 C:/WinAVR/bin/../lib/gcc/avr/3.4.3/avr5\libgcc.a(_udivmodhi4.o)
                0x00007c50                __udivmodhi4
                0x00007c78                . = ALIGN (0x2)
 *(.fini9)
 *(.fini8)
 *(.fini7)
 *(.fini6)
 *(.fini5)
 *(.fini4)
 *(.fini3)
 *(.fini2)
 *(.fini1)
 *(.fini0)
                0x00007c78                _etext = .

.data           0x00800100      0x584 load address 0x00007c78
                0x00800100                PROVIDE (__data_start, .)
 *(.data)
 .data          0x00800100       0xa1 main.o
 .data          0x008001a1        0x3 os.o
 .data          0x008001a4       0x4c systime.o
 .data          0x008001f0       0x18 timer3.o
 .data          0x00800208       0x49 timer_queue.o
 .data          0x00800251      0x42c mac.o
 .data          0x0080067d        0x6 C:/WinAVR/bin/../lib/gcc/avr/3.4.3/../../../../avr/lib/avr5\libc.a(malloc.o)
                0x0080067f                __malloc_heap_start
                0x0080067d                __malloc_heap_end
                0x00800681                __malloc_margin
 *(.gnu.linkonce.d*)
                0x00800684                . = ALIGN (0x2)
 *fill*         0x00800683        0x1 00
                0x00800684                _edata = .
                0x00800684                PROVIDE (__data_end, .)

.bss            0x00800684      0x4fc
                0x00800684                PROVIDE (__bss_start, .)
 *(.bss)
 *(COMMON)
 COMMON         0x00800684       0xb5 main.o
                                  0x0 (size before relaxing)
                0x00800684                cc2420fifo_txbuf
                0x00800686                cc2420_rxflag
                0x00800687                cc2420_bramspi
                0x00800688                OS_sched_full
                0x00800689                mScale
                0x0080068a                setIntervalFlag
                0x0080068b                ADC_INTERRUPT_FLAG
                0x0080068c                DATA_READY
                0x0080068d                queue
                0x00800690                demo_ieee_address
                0x00800698                mTimerList
                0x008006b9                receive_timestamp
                0x008006bd                queue_tail
                0x008006be                cc2420_rxlength_now
                0x008006bf                cc2420fifo_txlength
                0x008006c0                backoff_call
                0x008006c2                OS_sched_free
                0x008006c3                cc2420fifo_bspi
                0x008006c4                GTSDirectionMask
                0x008006c5                mState
                0x008006c9                backoff_timer_Set
                0x008006ca                cc2420_LocalAddr
                0x008006cc                phy_channel_state
                0x008006cd                timestamp_H
                0x008006cf                cc2420_ramlen
                0x008006d0                ieee_address
                0x008006d8                OS_queue
                0x008006e8                queue_head
                0x008006e9                cc2420_rambuf
                0x008006eb                cc2420_rxbuf_now
                0x008006ed                send_timestamp
                0x008006f1                SENSOR_DATA_VALUE
                0x00800705                mInterval
                0x00800706                cc2420_stateRadio
                0x00800707                queue_size
                0x00800708                rfpackernum
                0x00800709                cc2420_ramaddr
                0x0080070b                rxbuf_flag
                0x0080070c                shortaddress
                0x0080070e                cc2420_rxbuf
                0x00800712                cc2420_rxlength
                0x00800713                cc2420_rxbufuse
                0x00800714                demopacket
                0x00800716                head_of_systimer_queue
                0x00800718                currentTime
                0x0080071a                cc2420_currentparameters
                0x00800736                ppib
 COMMON         0x00800739        0x1 led.o
                                  0x0 (size before relaxing)
                0x00800739                LedsC_ledsOn
 COMMON         0x0080073a      0x3ca mac.o
                                  0x0 (size before relaxing)
                0x0080073a                MAC_OBJECT_SUPERFRAME_TICKS
                0x0080073e                beacon_info
                0x008007a4                TRACKBEACON
                0x008007a5                default_node
                0x008007b2                IS_NETWORK_FORMED
                0x008007b3                tail_of_tx_buffer
                0x008007b5                tail_of_indirect_pending_buffer
                0x008007b7                mac_working_state
                0x008007b8                current_pending_num
                0x008007b9                head_of_tx_buffer
                0x008007bb                default_short_addr
                0x008007bd                Is_received_beacon
                0x008007be                scan_channel
                0x008007c2                MAC_SUPERFRAME_PERIOD
                0x008007c6                tail_of_rx_buffer
                0x008007c8                mac_current_state_saved
                0x008007c9                last_beacon_rx_timestamp
                0x008007cd                MAC_CAP_PERIOD
                0x008007d1                temp_csma_ca_frame
                0x008007d3                last_beacon_tx_timestamp
                0x008007d7                MAC_OBJECT_CAP_END_TICKS
                0x008007db                IS_MAC_SYNING
                0x008007dc                MAC_OBJECT_CAP_START_TICKS
                0x008007e0                scan_time_period
                0x008007e2                mac_current_state
                0x008007e3                CW
                0x008007e4                head_of_rx_buffer
                0x008007e6                csma_state
                0x008007e7                mcps_data_indication_info
                0x0080086b                scan_channel_index
                0x0080086c                head_of_indirect_pending_buffer
                0x0080086e                default_long_addr
                0x00800876                BE
                0x00800877                mac_pib_data
                0x008008a4                loss_sync_number
                0x008008a5                Parameter_list
                0x008008b1                MAC_CURRENT_TICKS
                0x008008b5                Is_mac_associated_successful
                0x008008b6                mlme_associate_indication_info
                0x008008c1                current_timer_elem
                0x008008c3                no_short_addr
                0x008008c5                mac_tx_current_frame
                0x0080097a                head_of_timer_queue
                0x0080097c                scan_result_info
                0x00800a00                mac_tx_beacon
                0x00800a4e                mac_rx_current_frame
                0x00800b03                NB
 COMMON         0x00800b04       0x72 router.o
                                  0x0 (size before relaxing)
                0x00800b04                associate_tab
                0x00800b72                address_allocated_num
                0x00800b74                short_address_initial
 COMMON         0x00800b76        0x6 C:/WinAVR/bin/../lib/gcc/avr/3.4.3/../../../../avr/lib/avr5\libc.a(fdevopen.o)
                                  0x0 (size before relaxing)
                0x00800b76                __iob
 COMMON         0x00800b7c        0x4 C:/WinAVR/bin/../lib/gcc/avr/3.4.3/../../../../avr/lib/avr5\libc.a(malloc.o)
                                  0x0 (size before relaxing)
                0x00800b7c                __brkval
                0x00800b7e                __flp
                0x00800b80                PROVIDE (__bss_end, .)
                0x00007c78                __data_load_start = LOADADDR (.data)
                0x000081fc                __data_load_end = (__data_load_start + SIZEOF (.data))

.noinit         0x00800b80        0x0
                0x00800b80                PROVIDE (__noinit_start, .)
 *(.noinit*)
                0x00800b80                PROVIDE (__noinit_end, .)
                0x00800b80                _end = .
                0x00800b80                PROVIDE (__heap_start, .)

.eeprom         0x00810000        0x0
 *(.eeprom*)
                0x00810000                __eeprom_end = .

.stab           0x00000000     0xee80
 *(.stab)
 .stab          0x00000000     0x1044 main.o
                               0x1050 (size before relaxing)
 .stab          0x00001044      0x9b4 led.o
                               0x114c (size before relaxing)
 .stab          0x000019f8      0x780 interupter.o
                                0xf18 (size before relaxing)
 .stab          0x00002178      0x924 os.o
                                0x930 (size before relaxing)
 .stab          0x00002a9c      0xa20 kertimer.o
                               0x11b8 (size before relaxing)
 .stab          0x000034bc     0x19ec avrhardware.o
                               0x1cb0 (size before relaxing)
 .stab          0x00004ea8      0x384 uart0.o
                                0x4a4 (size before relaxing)
 .stab          0x0000522c     0x19b0 cc2420.o
                               0x2148 (size before relaxing)
 .stab          0x00006bdc      0xe88 phy.o
                               0x13bc (size before relaxing)
 .stab          0x00007a64      0xd74 systime.o
                               0x150c (size before relaxing)
 .stab          0x000087d8      0x648 backoff_timer.o
                                0xde0 (size before relaxing)
 .stab          0x00008e20      0x6d8 timer3.o
                                0xe70 (size before relaxing)
 .stab          0x000094f8      0x4e0 timer_queue.o
                                0x6e4 (size before relaxing)
 .stab          0x000099d8     0x4680 mac.o
                               0x4e24 (size before relaxing)
 .stab          0x0000e058      0x5d0 adc_sensor.o
                                0xd68 (size before relaxing)
 .stab          0x0000e628      0x858 router.o
                                0xffc (size before relaxing)

.stabstr        0x00000000     0xbc05
 *(.stabstr)
 .stabstr       0x00000000     0xbc05 main.o
                                  0x0 (size before relaxing)

.stab.excl
 *(.stab.excl)

.stab.exclstr
 *(.stab.exclstr)

.stab.index
 *(.stab.index)

.stab.indexstr
 *(.stab.indexstr)

.comment
 *(.comment)

.debug
 *(.debug)

.line
 *(.line)

.debug_srcinfo
 *(.debug_srcinfo)

.debug_sfnames
 *(.debug_sfnames)

.debug_aranges
 *(.debug_aranges)

.debug_pubnames
 *(.debug_pubnames)

.debug_info
 *(.debug_info)
 *(.gnu.linkonce.wi.*)

.debug_abbrev
 *(.debug_abbrev)

.debug_line
 *(.debug_line)

.debug_frame
 *(.debug_frame)

.debug_str
 *(.debug_str)

.debug_loc
 *(.debug_loc)

.debug_macinfo
 *(.debug_macinfo)
OUTPUT(main.elf elf32-avr)

Cross Reference Table

Symbol                                            File
ADC_INTERRUPT_FLAG                                router.o
                                                  adc_sensor.o
                                                  mac.o
                                                  timer3.o
                                                  backoff_timer.o
                                                  systime.o
                                                  phy.o
                                                  cc2420.o
                                                  kertimer.o
                                                  interupter.o
                                                  led.o
                                                  main.o
BE                                                mac.o
CSMA_CA_DOING                                     mac.o
                                                  systime.o
CW                                                mac.o
DATA_READY                                        main.o
GET_ADC_value                                     main.o
GTSDirectionMask                                  router.o
                                                  adc_sensor.o
                                                  mac.o
                                                  timer3.o
                                                  backoff_timer.o
                                                  systime.o
                                                  phy.o
                                                  cc2420.o
                                                  kertimer.o
                                                  interupter.o
                                                  led.o
                                                  main.o
IS_MAC_SYNING                                     mac.o
IS_NETWORK_FORMED                                 mac.o
                                                  systime.o
                                                  main.o
IoInit                                            uart0.o
                                                  main.o
Is_associated                                     router.o
Is_data_pending                                   mac.o
Is_mac_associated_successful                      mac.o
Is_received_beacon                                mac.o
                                                  systime.o
KERTimer_Fire                                     kertimer.o
                                                  interupter.o
LedsC_ledsOn                                      led.o
Leds_greenOff                                     led.o
                                                  systime.o
                                                  main.o
Leds_greenOn                                      led.o
                                                  systime.o
                                                  main.o
Leds_greenToggle                                  led.o
Leds_init                                         led.o
Leds_redOff                                       led.o
                                                  main.o
Leds_redOn                                        led.o
                                                  systime.o
                                                  main.o
Leds_redToggle                                    led.o
                                                  mac.o
                                                  systime.o
                                                  phy.o
Leds_yellowOff                                    led.o
                                                  systime.o
                                                  main.o
Leds_yellowOn                                     led.o
                                                  systime.o
                                                  main.o
Leds_yellowToggle                                 led.o
MAC_CAP_PERIOD                                    mac.o
MAC_CURRENT_TICKS                                 mac.o
MAC_OBJECT_CAP_END_TICKS                          mac.o
MAC_OBJECT_CAP_START_TICKS                        mac.o
                                                  phy.o
MAC_OBJECT_SUPERFRAME_TICKS                       mac.o
MAC_SUPERFRAME_PERIOD                             mac.o
MAC_init                                          mac.o
                                                  main.o
NB                                                mac.o
OS_CLR_BAT_MON_PIN                                avrhardware.o
OS_CLR_CC_CCA_PIN                                 avrhardware.o
OS_CLR_CC_CS_PIN                                  avrhardware.o
                                                  cc2420.o
OS_CLR_CC_FIFOP1_PIN                              avrhardware.o
OS_CLR_CC_FIFO_PIN                                avrhardware.o
OS_CLR_CC_RSTN_PIN                                avrhardware.o
                                                  cc2420.o
OS_CLR_CC_SFD_PIN                                 avrhardware.o
OS_CLR_CC_VREN_PIN                                avrhardware.o
                                                  cc2420.o
OS_CLR_FLASH_CLK_PIN                              avrhardware.o
OS_CLR_FLASH_IN_PIN                               avrhardware.o
OS_CLR_FLASH_OUT_PIN                              avrhardware.o
OS_CLR_FLASH_SELECT_PIN                           avrhardware.o
OS_CLR_GREEN_LED_PIN                              avrhardware.o
                                                  led.o
OS_CLR_I2C_BUS1_SCL_PIN                           avrhardware.o
OS_CLR_I2C_BUS1_SDA_PIN                           avrhardware.o
OS_CLR_INT0_PIN                                   avrhardware.o
OS_CLR_INT1_PIN                                   avrhardware.o
OS_CLR_INT2_PIN                                   avrhardware.o
OS_CLR_INT3_PIN                                   avrhardware.o
OS_CLR_MISO_PIN                                   avrhardware.o
OS_CLR_MOSI_PIN                                   avrhardware.o
OS_CLR_PW0_PIN                                    avrhardware.o
OS_CLR_PW1_PIN                                    avrhardware.o
OS_CLR_PW2_PIN                                    avrhardware.o
OS_CLR_PW3_PIN                                    avrhardware.o
OS_CLR_PW4_PIN                                    avrhardware.o
OS_CLR_PW5_PIN                                    avrhardware.o
OS_CLR_PW6_PIN                                    avrhardware.o
OS_CLR_PW7_PIN                                    avrhardware.o
OS_CLR_RADIO_CCA_PIN                              avrhardware.o
OS_CLR_RED_LED_PIN                                avrhardware.o
                                                  led.o
OS_CLR_SERIAL_ID_PIN                              avrhardware.o
OS_CLR_SPI_SCK_PIN                                avrhardware.o
OS_CLR_THERM_PWR_PIN                              avrhardware.o
OS_CLR_UART_RXD0_PIN                              avrhardware.o
OS_CLR_UART_RXD1_PIN                              avrhardware.o
OS_CLR_UART_TXD0_PIN                              avrhardware.o
OS_CLR_UART_TXD1_PIN                              avrhardware.o
OS_CLR_UART_XCK0_PIN                              avrhardware.o
OS_CLR_UART_XCK1_PIN                              avrhardware.o
OS_CLR_YELLOW_LED_PIN                             avrhardware.o
                                                  led.o
OS_MAKE_BAT_MON_INPUT                             avrhardware.o
OS_MAKE_BAT_MON_OUTPUT                            avrhardware.o
OS_MAKE_CC_CCA_INPUT                              avrhardware.o
                                                  cc2420.o
OS_MAKE_CC_CCA_OUTPUT                             avrhardware.o
OS_MAKE_CC_CS_INPUT                               avrhardware.o
OS_MAKE_CC_CS_OUTPUT                              avrhardware.o
                                                  cc2420.o
OS_MAKE_CC_FIFOP1_INPUT                           avrhardware.o
                                                  cc2420.o
OS_MAKE_CC_FIFOP1_OUTPUT                          avrhardware.o
OS_MAKE_CC_FIFO_INPUT                             avrhardware.o
                                                  cc2420.o
OS_MAKE_CC_FIFO_OUTPUT                            avrhardware.o
OS_MAKE_CC_RSTN_INPUT                             avrhardware.o
OS_MAKE_CC_RSTN_OUTPUT                            avrhardware.o
                                                  cc2420.o
OS_MAKE_CC_SFD_INPUT                              avrhardware.o
                                                  cc2420.o
OS_MAKE_CC_SFD_OUTPUT                             avrhardware.o
OS_MAKE_CC_VREN_INPUT                             avrhardware.o
OS_MAKE_CC_VREN_OUTPUT                            avrhardware.o
                                                  cc2420.o
OS_MAKE_FLASH_CLK_INPUT                           avrhardware.o
OS_MAKE_FLASH_CLK_OUTPUT                          avrhardware.o
OS_MAKE_FLASH_IN_INPUT                            avrhardware.o
OS_MAKE_FLASH_IN_OUTPUT                           avrhardware.o
OS_MAKE_FLASH_OUT_INPUT                           avrhardware.o
OS_MAKE_FLASH_OUT_OUTPUT                          avrhardware.o
OS_MAKE_FLASH_SELECT_INPUT                        avrhardware.o
OS_MAKE_FLASH_SELECT_OUTPUT                       avrhardware.o
OS_MAKE_GREEN_LED_INPUT                           avrhardware.o
OS_MAKE_GREEN_LED_OUTPUT                          avrhardware.o
                                                  led.o
OS_MAKE_I2C_BUS1_SCL_INPUT                        avrhardware.o
OS_MAKE_I2C_BUS1_SCL_OUTPUT                       avrhardware.o
OS_MAKE_I2C_BUS1_SDA_INPUT                        avrhardware.o
OS_MAKE_I2C_BUS1_SDA_OUTPUT                       avrhardware.o
OS_MAKE_INT0_INPUT                                avrhardware.o
OS_MAKE_INT0_OUTPUT                               avrhardware.o
OS_MAKE_INT1_INPUT                                avrhardware.o
OS_MAKE_INT1_OUTPUT                               avrhardware.o
                                                  adc_sensor.o
OS_MAKE_INT2_INPUT                                avrhardware.o
OS_MAKE_INT2_OUTPUT                               avrhardware.o
OS_MAKE_INT3_INPUT                                avrhardware.o
OS_MAKE_INT3_OUTPUT                               avrhardware.o
OS_MAKE_MISO_INPUT                                avrhardware.o
                                                  cc2420.o
OS_MAKE_MISO_OUTPUT                               avrhardware.o
OS_MAKE_MOSI_INPUT                                avrhardware.o
OS_MAKE_MOSI_OUTPUT                               avrhardware.o
                                                  cc2420.o
OS_MAKE_PW0_INPUT                                 avrhardware.o
OS_MAKE_PW0_OUTPUT                                avrhardware.o
OS_MAKE_PW1_INPUT                                 avrhardware.o
OS_MAKE_PW1_OUTPUT                                avrhardware.o
OS_MAKE_PW2_INPUT                                 avrhardware.o
OS_MAKE_PW2_OUTPUT                                avrhardware.o
OS_MAKE_PW3_INPUT                                 avrhardware.o
OS_MAKE_PW3_OUTPUT                                avrhardware.o
OS_MAKE_PW4_INPUT                                 avrhardware.o
OS_MAKE_PW4_OUTPUT                                avrhardware.o
OS_MAKE_PW5_INPUT                                 avrhardware.o
OS_MAKE_PW5_OUTPUT                                avrhardware.o
OS_MAKE_PW6_INPUT                                 avrhardware.o
OS_MAKE_PW6_OUTPUT                                avrhardware.o
OS_MAKE_PW7_INPUT                                 avrhardware.o
OS_MAKE_PW7_OUTPUT                                avrhardware.o
OS_MAKE_RADIO_CCA_INPUT                           avrhardware.o
OS_MAKE_RADIO_CCA_OUTPUT                          avrhardware.o
OS_MAKE_RED_LED_INPUT                             avrhardware.o
OS_MAKE_RED_LED_OUTPUT                            avrhardware.o
                                                  led.o
OS_MAKE_SERIAL_ID_INPUT                           avrhardware.o
OS_MAKE_SERIAL_ID_OUTPUT                          avrhardware.o
OS_MAKE_SPI_SCK_INPUT                             avrhardware.o
OS_MAKE_SPI_SCK_OUTPUT                            avrhardware.o
                                                  cc2420.o
OS_MAKE_THERM_PWR_INPUT                           avrhardware.o
OS_MAKE_THERM_PWR_OUTPUT                          avrhardware.o
OS_MAKE_UART_RXD0_INPUT                           avrhardware.o
OS_MAKE_UART_RXD0_OUTPUT                          avrhardware.o
OS_MAKE_UART_RXD1_INPUT                           avrhardware.o
OS_MAKE_UART_RXD1_OUTPUT                          avrhardware.o
OS_MAKE_UART_TXD0_INPUT                           avrhardware.o
OS_MAKE_UART_TXD0_OUTPUT                          avrhardware.o
OS_MAKE_UART_TXD1_INPUT                           avrhardware.o
OS_MAKE_UART_TXD1_OUTPUT                          avrhardware.o
OS_MAKE_UART_XCK0_INPUT                           avrhardware.o
OS_MAKE_UART_XCK0_OUTPUT                          avrhardware.o
OS_MAKE_UART_XCK1_INPUT                           avrhardware.o
OS_MAKE_UART_XCK1_OUTPUT                          avrhardware.o
OS_MAKE_YELLOW_LED_INPUT                          avrhardware.o
OS_MAKE_YELLOW_LED_OUTPUT                         avrhardware.o
                                                  led.o
OS_READ_BAT_MON_PIN                               avrhardware.o
OS_READ_CC_CCA_PIN                                avrhardware.o
                                                  phy.o
OS_READ_CC_CS_PIN                                 avrhardware.o
OS_READ_CC_FIFOP1_PIN                             avrhardware.o
OS_READ_CC_FIFO_PIN                               avrhardware.o
                                                  cc2420.o
OS_READ_CC_RSTN_PIN                               avrhardware.o
OS_READ_CC_SFD_PIN                                avrhardware.o
                                                  phy.o
OS_READ_CC_VREN_PIN                               avrhardware.o
OS_READ_FLASH_CLK_PIN                             avrhardware.o
OS_READ_FLASH_IN_PIN                              avrhardware.o
OS_READ_FLASH_OUT_PIN                             avrhardware.o
OS_READ_FLASH_SELECT_PIN                          avrhardware.o
OS_READ_GREEN_LED_PIN                             avrhardware.o
OS_READ_I2C_BUS1_SCL_PIN                          avrhardware.o
OS_READ_I2C_BUS1_SDA_PIN                          avrhardware.o
OS_READ_INT0_PIN                                  avrhardware.o
OS_READ_INT1_PIN                                  avrhardware.o
OS_READ_INT2_PIN                                  avrhardware.o
OS_READ_INT3_PIN                                  avrhardware.o
OS_READ_MISO_PIN                                  avrhardware.o
OS_READ_MOSI_PIN                                  avrhardware.o
OS_READ_PW0_PIN                                   avrhardware.o
OS_READ_PW1_PIN                                   avrhardware.o
OS_READ_PW2_PIN                                   avrhardware.o
OS_READ_PW3_PIN                                   avrhardware.o
OS_READ_PW4_PIN                                   avrhardware.o
OS_READ_PW5_PIN                                   avrhardware.o
OS_READ_PW6_PIN                                   avrhardware.o
OS_READ_PW7_PIN                                   avrhardware.o
OS_READ_RADIO_CCA_PIN                             avrhardware.o
OS_READ_RED_LED_PIN                               avrhardware.o
OS_READ_SERIAL_ID_PIN                             avrhardware.o
OS_READ_SPI_SCK_PIN                               avrhardware.o
OS_READ_THERM_PWR_PIN                             avrhardware.o
OS_READ_UART_RXD0_PIN                             avrhardware.o
OS_READ_UART_RXD1_PIN                             avrhardware.o
OS_READ_UART_TXD0_PIN                             avrhardware.o
OS_READ_UART_TXD1_PIN                             avrhardware.o
OS_READ_UART_XCK0_PIN                             avrhardware.o
OS_READ_UART_XCK1_PIN                             avrhardware.o
OS_READ_YELLOW_LED_PIN                            avrhardware.o
OS_SET_BAT_MON_PIN                                avrhardware.o
OS_SET_CC_CCA_PIN                                 avrhardware.o
OS_SET_CC_CS_PIN                                  avrhardware.o
                                                  cc2420.o
OS_SET_CC_FIFOP1_PIN                              avrhardware.o
OS_SET_CC_FIFO_PIN                                avrhardware.o
OS_SET_CC_RSTN_PIN                                avrhardware.o
                                                  cc2420.o
OS_SET_CC_SFD_PIN                                 avrhardware.o
OS_SET_CC_VREN_PIN                                avrhardware.o
                                                  cc2420.o
OS_SET_FLASH_CLK_PIN                              avrhardware.o
OS_SET_FLASH_IN_PIN                               avrhardware.o
OS_SET_FLASH_OUT_PIN                              avrhardware.o
OS_SET_FLASH_SELECT_PIN                           avrhardware.o
OS_SET_GREEN_LED_PIN                              avrhardware.o
                                                  led.o
OS_SET_I2C_BUS1_SCL_PIN                           avrhardware.o
OS_SET_I2C_BUS1_SDA_PIN                           avrhardware.o
OS_SET_INT0_PIN                                   avrhardware.o
OS_SET_INT1_PIN                                   avrhardware.o
                                                  adc_sensor.o
OS_SET_INT2_PIN                                   avrhardware.o
OS_SET_INT3_PIN                                   avrhardware.o
OS_SET_MISO_PIN                                   avrhardware.o
OS_SET_MOSI_PIN                                   avrhardware.o
OS_SET_PIN_DIRECTIONS                             avrhardware.o
                                                  main.o
OS_SET_PW0_PIN                                    avrhardware.o
OS_SET_PW1_PIN                                    avrhardware.o
OS_SET_PW2_PIN                                    avrhardware.o
OS_SET_PW3_PIN                                    avrhardware.o
OS_SET_PW4_PIN                                    avrhardware.o
OS_SET_PW5_PIN                                    avrhardware.o
OS_SET_PW6_PIN                                    avrhardware.o
OS_SET_PW7_PIN                                    avrhardware.o
OS_SET_RADIO_CCA_PIN                              avrhardware.o
OS_SET_RED_LED_PIN                                avrhardware.o
                                                  led.o
OS_SET_SERIAL_ID_PIN                              avrhardware.o
OS_SET_SPI_SCK_PIN                                avrhardware.o
OS_SET_THERM_PWR_PIN                              avrhardware.o
OS_SET_UART_RXD0_PIN                              avrhardware.o
OS_SET_UART_RXD1_PIN                              avrhardware.o
OS_SET_UART_TXD0_PIN                              avrhardware.o
OS_SET_UART_TXD1_PIN                              avrhardware.o
OS_SET_UART_XCK0_PIN                              avrhardware.o
OS_SET_UART_XCK1_PIN                              avrhardware.o
OS_SET_YELLOW_LED_PIN                             avrhardware.o
                                                  led.o
OS_post                                           os.o
                                                  mac.o
                                                  timer_queue.o
                                                  systime.o
                                                  phy.o
                                                  kertimer.o
                                                  interupter.o
OS_queue                                          router.o
                                                  adc_sensor.o
                                                  mac.o
                                                  timer3.o
                                                  backoff_timer.o
                                                  systime.o
                                                  phy.o
                                                  cc2420.o
                                                  kertimer.o
                                                  os.o
                                                  interupter.o
                                                  led.o
                                                  main.o
OS_run_next_task                                  os.o
OS_run_task                                       os.o
                                                  main.o
OS_sched_free                                     router.o
                                                  adc_sensor.o
                                                  mac.o
                                                  timer3.o
                                                  backoff_timer.o
                                                  systime.o
                                                  phy.o
                                                  cc2420.o
                                                  kertimer.o
                                                  os.o
                                                  interupter.o
                                                  led.o
                                                  main.o
OS_sched_full                                     router.o
                                                  adc_sensor.o
                                                  mac.o
                                                  timer3.o
                                                  backoff_timer.o
                                                  systime.o
                                                  phy.o
                                                  cc2420.o
                                                  kertimer.o
                                                  os.o
                                                  interupter.o
                                                  led.o
                                                  main.o
OS_sched_init                                     os.o
                                                  main.o
OS_sleep                                          os.o
                                                  main.o
OS_uwait                                          avrhardware.o
                                                  cc2420.o
OS_wait                                           os.o
OS_wait_250ns                                     avrhardware.o
PD_DATA_indication                                mac.o
                                                  phy.o
PD_DATA_request                                   phy.o
                                                  mac.o
PLME_CCA_request                                  phy.o
                                                  mac.o
PLME_ED_request                                   phy.o
                                                  mac.o
PLME_GET_request                                  phy.o
PLME_SET_TRX_STATE_request                        phy.o
                                                  mac.o
                                                  systime.o
                                                  main.o
PLME_SET_request                                  phy.o
                                                  mac.o
Parameter_list                                    mac.o
SENSOR_DATA_VALUE                                 router.o
                                                  adc_sensor.o
                                                  mac.o
                                                  timer3.o
                                                  backoff_timer.o
                                                  systime.o
                                                  phy.o
                                                  cc2420.o
                                                  kertimer.o
                                                  interupter.o
                                                  led.o
                                                  main.o
TRACKBEACON                                       mac.o
Timer1_OCR_intDisable                             systime.o
                                                  interupter.o
Timer1_acquireInterval                            systime.o
Timer1_adjustInterval                             systime.o
Timer1_getnextInterval                            systime.o
                                                  interupter.o
Timer1_setInterval                                systime.o
Timer1_sethalfsymbol                              systime.o
Timer3_acquireInterval                            timer3.o
                                                  timer_queue.o
Timer3_adjustInterval                             timer3.o
                                                  timer_queue.o
Timer3_fire                                       timer3.o
                                                  interupter.o
Timer3_getnextInterval                            timer3.o
                                                  interupter.o
Timer3_intDisable                                 timer3.o
                                                  timer_queue.o
                                                  interupter.o
Timer3_setIntervalAndScale                        timer3.o
Timer3_sethalfsymbol                              timer3.o
                                                  timer_queue.o
__addsf3                                          C:/WinAVR/bin/../lib/gcc/avr/3.4.3/../../../../avr/lib/avr5\libm.a(addsf3.o)
                                                  C:/WinAVR/bin/../lib/gcc/avr/3.4.3/../../../../avr/lib/avr5\libm.a(modf.o)
__addsf3x                                         C:/WinAVR/bin/../lib/gcc/avr/3.4.3/../../../../avr/lib/avr5\libm.a(addsf3x.o)
                                                  C:/WinAVR/bin/../lib/gcc/avr/3.4.3/../../../../avr/lib/avr5\libm.a(addsf3.o)
__bad_interrupt                                   C:/WinAVR/bin/../lib/gcc/avr/3.4.3/../../../../avr/lib/avr5/crtm128.o
__brkval                                          C:/WinAVR/bin/../lib/gcc/avr/3.4.3/../../../../avr/lib/avr5\libc.a(malloc.o)
__bss_end                                         C:/WinAVR/bin/../lib/gcc/avr/3.4.3/avr5\libgcc.a(_clear_bss.o)
__bss_start                                       C:/WinAVR/bin/../lib/gcc/avr/3.4.3/avr5\libgcc.a(_clear_bss.o)
__cmpsf2                                          C:/WinAVR/bin/../lib/gcc/avr/3.4.3/../../../../avr/lib/avr5\libm.a(fp_cmp.o)
__data_end                                        C:/WinAVR/bin/../lib/gcc/avr/3.4.3/../../../../avr/lib/avr5/crtm128.o
__data_load_start                                 C:/WinAVR/bin/../lib/gcc/avr/3.4.3/../../../../avr/lib/avr5/crtm128.o
__data_start                                      C:/WinAVR/bin/../lib/gcc/avr/3.4.3/../../../../avr/lib/avr5/crtm128.o
__divmodhi4                                       C:/WinAVR/bin/../lib/gcc/avr/3.4.3/avr5\libgcc.a(_divmodhi4.o)
                                                  C:/WinAVR/bin/../lib/gcc/avr/3.4.3/../../../../avr/lib/avr5\libprintf_flt.a(vfprintf_flt.o)
                                                  mac.o
__do_clear_bss                                    C:/WinAVR/bin/../lib/gcc/avr/3.4.3/avr5\libgcc.a(_clear_bss.o)
                                                  C:/WinAVR/bin/../lib/gcc/avr/3.4.3/../../../../avr/lib/avr5\libc.a(calloc.o)
                                                  C:/WinAVR/bin/../lib/gcc/avr/3.4.3/../../../../avr/lib/avr5\libc.a(puts.o)
                                                  C:/WinAVR/bin/../lib/gcc/avr/3.4.3/../../../../avr/lib/avr5\libc.a(printf.o)
                                                  C:/WinAVR/bin/../lib/gcc/avr/3.4.3/../../../../avr/lib/avr5\libc.a(malloc.o)
                                                  C:/WinAVR/bin/../lib/gcc/avr/3.4.3/../../../../avr/lib/avr5\libc.a(fputc.o)
                                                  C:/WinAVR/bin/../lib/gcc/avr/3.4.3/../../../../avr/lib/avr5\libc.a(fdevopen.o)
                                                  C:/WinAVR/bin/../lib/gcc/avr/3.4.3/../../../../avr/lib/avr5\libprintf_flt.a(vfprintf_flt.o)
                                                  router.o
                                                  adc_sensor.o
                                                  mac.o
                                                  timer_queue.o
                                                  timer3.o
                                                  backoff_timer.o
                                                  systime.o
                                                  phy.o
                                                  cc2420.o
                                                  uart0.o
                                                  avrhardware.o
                                                  kertimer.o
                                                  os.o
                                                  interupter.o
                                                  led.o
                                                  main.o
__do_copy_data                                    C:/WinAVR/bin/../lib/gcc/avr/3.4.3/../../../../avr/lib/avr5/crtm128.o
                                                  C:/WinAVR/bin/../lib/gcc/avr/3.4.3/../../../../avr/lib/avr5\libc.a(calloc.o)
                                                  C:/WinAVR/bin/../lib/gcc/avr/3.4.3/../../../../avr/lib/avr5\libc.a(puts.o)
                                                  C:/WinAVR/bin/../lib/gcc/avr/3.4.3/../../../../avr/lib/avr5\libc.a(printf.o)
                                                  C:/WinAVR/bin/../lib/gcc/avr/3.4.3/../../../../avr/lib/avr5\libc.a(malloc.o)
                                                  C:/WinAVR/bin/../lib/gcc/avr/3.4.3/../../../../avr/lib/avr5\libc.a(fputc.o)
                                                  C:/WinAVR/bin/../lib/gcc/avr/3.4.3/../../../../avr/lib/avr5\libc.a(fdevopen.o)
                                                  C:/WinAVR/bin/../lib/gcc/avr/3.4.3/../../../../avr/lib/avr5\libprintf_flt.a(vfprintf_flt.o)
                                                  router.o
                                                  adc_sensor.o
                                                  mac.o
                                                  timer_queue.o
                                                  timer3.o
                                                  backoff_timer.o
                                                  systime.o
                                                  phy.o
                                                  cc2420.o
                                                  uart0.o
                                                  avrhardware.o
                                                  kertimer.o
                                                  os.o
                                                  interupter.o
                                                  led.o
                                                  main.o
__eqsf2                                           C:/WinAVR/bin/../lib/gcc/avr/3.4.3/../../../../avr/lib/avr5\libm.a(fp_cmp.o)
__fixsfsi                                         C:/WinAVR/bin/../lib/gcc/avr/3.4.3/../../../../avr/lib/avr5\libm.a(fixsfsi.o)
                                                  C:/WinAVR/bin/../lib/gcc/avr/3.4.3/../../../../avr/lib/avr5\libm.a(modf.o)
                                                  C:/WinAVR/bin/../lib/gcc/avr/3.4.3/../../../../avr/lib/avr5\libprintf_flt.a(vfprintf_flt.o)
__fixunssfsi                                      C:/WinAVR/bin/../lib/gcc/avr/3.4.3/../../../../avr/lib/avr5\libm.a(fixsfsi.o)
__floatsisf                                       C:/WinAVR/bin/../lib/gcc/avr/3.4.3/../../../../avr/lib/avr5\libm.a(floatsisf.o)
                                                  C:/WinAVR/bin/../lib/gcc/avr/3.4.3/../../../../avr/lib/avr5\libm.a(modf.o)
__floatunssisf                                    C:/WinAVR/bin/../lib/gcc/avr/3.4.3/../../../../avr/lib/avr5\libm.a(floatsisf.o)
__flp                                             C:/WinAVR/bin/../lib/gcc/avr/3.4.3/../../../../avr/lib/avr5\libc.a(malloc.o)
__fp_lneg                                         C:/WinAVR/bin/../lib/gcc/avr/3.4.3/../../../../avr/lib/avr5\libm.a(fixsfsi.o)
                                                  C:/WinAVR/bin/../lib/gcc/avr/3.4.3/../../../../avr/lib/avr5\libm.a(floatsisf.o)
__fp_merge                                        C:/WinAVR/bin/../lib/gcc/avr/3.4.3/../../../../avr/lib/avr5\libm.a(fp_merge.o)
                                                  C:/WinAVR/bin/../lib/gcc/avr/3.4.3/../../../../avr/lib/avr5\libm.a(floatsisf.o)
                                                  C:/WinAVR/bin/../lib/gcc/avr/3.4.3/../../../../avr/lib/avr5\libm.a(addsf3.o)
                                                  C:/WinAVR/bin/../lib/gcc/avr/3.4.3/../../../../avr/lib/avr5\libm.a(mulsf3.o)
                                                  C:/WinAVR/bin/../lib/gcc/avr/3.4.3/../../../../avr/lib/avr5\libm.a(modf.o)
__fp_nan                                          C:/WinAVR/bin/../lib/gcc/avr/3.4.3/../../../../avr/lib/avr5\libm.a(fp_nan.o)
                                                  C:/WinAVR/bin/../lib/gcc/avr/3.4.3/../../../../avr/lib/avr5\libm.a(fp_split.o)
__fp_nanEDOM                                      C:/WinAVR/bin/../lib/gcc/avr/3.4.3/../../../../avr/lib/avr5\libm.a(fp_nan.o)
__fp_nanERANGE                                    C:/WinAVR/bin/../lib/gcc/avr/3.4.3/../../../../avr/lib/avr5\libm.a(fp_nan.o)
__fp_nanx                                         C:/WinAVR/bin/../lib/gcc/avr/3.4.3/../../../../avr/lib/avr5\libm.a(fp_nan.o)
                                                  C:/WinAVR/bin/../lib/gcc/avr/3.4.3/../../../../avr/lib/avr5\libm.a(mulsf3x.o)
__fp_split1                                       C:/WinAVR/bin/../lib/gcc/avr/3.4.3/../../../../avr/lib/avr5\libm.a(fp_split.o)
                                                  C:/WinAVR/bin/../lib/gcc/avr/3.4.3/../../../../avr/lib/avr5\libm.a(modf.o)
                                                  C:/WinAVR/bin/../lib/gcc/avr/3.4.3/../../../../avr/lib/avr5\libm.a(fixsfsi.o)
__fp_split2                                       C:/WinAVR/bin/../lib/gcc/avr/3.4.3/../../../../avr/lib/avr5\libm.a(fp_split.o)
                                                  C:/WinAVR/bin/../lib/gcc/avr/3.4.3/../../../../avr/lib/avr5\libm.a(fp_cmp.o)
__fp_split3                                       C:/WinAVR/bin/../lib/gcc/avr/3.4.3/../../../../avr/lib/avr5\libm.a(fp_split.o)
                                                  C:/WinAVR/bin/../lib/gcc/avr/3.4.3/../../../../avr/lib/avr5\libm.a(addsf3.o)
                                                  C:/WinAVR/bin/../lib/gcc/avr/3.4.3/../../../../avr/lib/avr5\libm.a(mulsf3.o)
__fp_zero                                         C:/WinAVR/bin/../lib/gcc/avr/3.4.3/../../../../avr/lib/avr5\libm.a(fp_zero.o)
                                                  C:/WinAVR/bin/../lib/gcc/avr/3.4.3/../../../../avr/lib/avr5\libm.a(fp_merge.o)
                                                  C:/WinAVR/bin/../lib/gcc/avr/3.4.3/../../../../avr/lib/avr5\libm.a(fixsfsi.o)
__fp_zerox                                        C:/WinAVR/bin/../lib/gcc/avr/3.4.3/../../../../avr/lib/avr5\libm.a(fp_zero.o)
                                                  C:/WinAVR/bin/../lib/gcc/avr/3.4.3/../../../../avr/lib/avr5\libm.a(addsf3x.o)
                                                  C:/WinAVR/bin/../lib/gcc/avr/3.4.3/../../../../avr/lib/avr5\libm.a(mulsf3x.o)
__gesf2                                           C:/WinAVR/bin/../lib/gcc/avr/3.4.3/../../../../avr/lib/avr5\libm.a(fp_cmp.o)
__gtsf2                                           C:/WinAVR/bin/../lib/gcc/avr/3.4.3/../../../../avr/lib/avr5\libm.a(fp_cmp.o)
                                                  C:/WinAVR/bin/../lib/gcc/avr/3.4.3/../../../../avr/lib/avr5\libprintf_flt.a(vfprintf_flt.o)
__heap_end                                        C:/WinAVR/bin/../lib/gcc/avr/3.4.3/../../../../avr/lib/avr5/crtm128.o
                                                  C:/WinAVR/bin/../lib/gcc/avr/3.4.3/../../../../avr/lib/avr5\libc.a(malloc.o)
__heap_start                                      C:/WinAVR/bin/../lib/gcc/avr/3.4.3/../../../../avr/lib/avr5\libc.a(malloc.o)
__init                                            C:/WinAVR/bin/../lib/gcc/avr/3.4.3/../../../../avr/lib/avr5/crtm128.o
__iob                                             C:/WinAVR/bin/../lib/gcc/avr/3.4.3/../../../../avr/lib/avr5\libc.a(puts.o)
                                                  C:/WinAVR/bin/../lib/gcc/avr/3.4.3/../../../../avr/lib/avr5\libc.a(printf.o)
                                                  C:/WinAVR/bin/../lib/gcc/avr/3.4.3/../../../../avr/lib/avr5\libc.a(fdevopen.o)
__lesf2                                           C:/WinAVR/bin/../lib/gcc/avr/3.4.3/../../../../avr/lib/avr5\libm.a(fp_cmp.o)
__ltsf2                                           C:/WinAVR/bin/../lib/gcc/avr/3.4.3/../../../../avr/lib/avr5\libm.a(fp_cmp.o)
                                                  C:/WinAVR/bin/../lib/gcc/avr/3.4.3/../../../../avr/lib/avr5\libprintf_flt.a(vfprintf_flt.o)
__malloc_heap_end                                 C:/WinAVR/bin/../lib/gcc/avr/3.4.3/../../../../avr/lib/avr5\libc.a(malloc.o)
__malloc_heap_start                               C:/WinAVR/bin/../lib/gcc/avr/3.4.3/../../../../avr/lib/avr5\libc.a(malloc.o)
__malloc_margin                                   C:/WinAVR/bin/../lib/gcc/avr/3.4.3/../../../../avr/lib/avr5\libc.a(malloc.o)
__mulsf3                                          C:/WinAVR/bin/../lib/gcc/avr/3.4.3/../../../../avr/lib/avr5\libm.a(mulsf3.o)
                                                  C:/WinAVR/bin/../lib/gcc/avr/3.4.3/../../../../avr/lib/avr5\libprintf_flt.a(vfprintf_flt.o)
__mulsf3x                                         C:/WinAVR/bin/../lib/gcc/avr/3.4.3/../../../../avr/lib/avr5\libm.a(mulsf3x.o)
                                                  C:/WinAVR/bin/../lib/gcc/avr/3.4.3/../../../../avr/lib/avr5\libm.a(mulsf3.o)
__nesf2                                           C:/WinAVR/bin/../lib/gcc/avr/3.4.3/../../../../avr/lib/avr5\libm.a(fp_cmp.o)
                                                  C:/WinAVR/bin/../lib/gcc/avr/3.4.3/../../../../avr/lib/avr5\libprintf_flt.a(vfprintf_flt.o)
__stack                                           C:/WinAVR/bin/../lib/gcc/avr/3.4.3/../../../../avr/lib/avr5/crtm128.o
                                                  main.o
__subsf3                                          C:/WinAVR/bin/../lib/gcc/avr/3.4.3/../../../../avr/lib/avr5\libm.a(addsf3.o)
__udivmodhi4                                      C:/WinAVR/bin/../lib/gcc/avr/3.4.3/avr5\libgcc.a(_udivmodhi4.o)
                                                  C:/WinAVR/bin/../lib/gcc/avr/3.4.3/avr5\libgcc.a(_divmodhi4.o)
__udivmodsi4                                      C:/WinAVR/bin/../lib/gcc/avr/3.4.3/avr5\libgcc.a(_udivmodsi4.o)
                                                  C:/WinAVR/bin/../lib/gcc/avr/3.4.3/../../../../avr/lib/avr5\libprintf_flt.a(vfprintf_flt.o)
                                                  mac.o
                                                  phy.o
__vector_1                                        C:/WinAVR/bin/../lib/gcc/avr/3.4.3/../../../../avr/lib/avr5/crtm128.o
__vector_10                                       C:/WinAVR/bin/../lib/gcc/avr/3.4.3/../../../../avr/lib/avr5/crtm128.o
__vector_11                                       interupter.o
                                                  C:/WinAVR/bin/../lib/gcc/avr/3.4.3/../../../../avr/lib/avr5/crtm128.o
__vector_12                                       interupter.o
                                                  C:/WinAVR/bin/../lib/gcc/avr/3.4.3/../../../../avr/lib/avr5/crtm128.o
__vector_13                                       C:/WinAVR/bin/../lib/gcc/avr/3.4.3/../../../../avr/lib/avr5/crtm128.o
__vector_14                                       interupter.o
                                                  C:/WinAVR/bin/../lib/gcc/avr/3.4.3/../../../../avr/lib/avr5/crtm128.o
__vector_15                                       interupter.o
                                                  C:/WinAVR/bin/../lib/gcc/avr/3.4.3/../../../../avr/lib/avr5/crtm128.o
__vector_16                                       C:/WinAVR/bin/../lib/gcc/avr/3.4.3/../../../../avr/lib/avr5/crtm128.o
__vector_17                                       C:/WinAVR/bin/../lib/gcc/avr/3.4.3/../../../../avr/lib/avr5/crtm128.o
__vector_18                                       C:/WinAVR/bin/../lib/gcc/avr/3.4.3/../../../../avr/lib/avr5/crtm128.o
__vector_19                                       C:/WinAVR/bin/../lib/gcc/avr/3.4.3/../../../../avr/lib/avr5/crtm128.o
__vector_2                                        C:/WinAVR/bin/../lib/gcc/avr/3.4.3/../../../../avr/lib/avr5/crtm128.o
__vector_20                                       C:/WinAVR/bin/../lib/gcc/avr/3.4.3/../../../../avr/lib/avr5/crtm128.o
__vector_21                                       C:/WinAVR/bin/../lib/gcc/avr/3.4.3/../../../../avr/lib/avr5/crtm128.o
__vector_22                                       C:/WinAVR/bin/../lib/gcc/avr/3.4.3/../../../../avr/lib/avr5/crtm128.o
__vector_23                                       C:/WinAVR/bin/../lib/gcc/avr/3.4.3/../../../../avr/lib/avr5/crtm128.o
__vector_24                                       C:/WinAVR/bin/../lib/gcc/avr/3.4.3/../../../../avr/lib/avr5/crtm128.o
__vector_25                                       C:/WinAVR/bin/../lib/gcc/avr/3.4.3/../../../../avr/lib/avr5/crtm128.o
__vector_26                                       interupter.o
                                                  C:/WinAVR/bin/../lib/gcc/avr/3.4.3/../../../../avr/lib/avr5/crtm128.o
__vector_27                                       C:/WinAVR/bin/../lib/gcc/avr/3.4.3/../../../../avr/lib/avr5/crtm128.o
__vector_28                                       C:/WinAVR/bin/../lib/gcc/avr/3.4.3/../../../../avr/lib/avr5/crtm128.o
__vector_29                                       C:/WinAVR/bin/../lib/gcc/avr/3.4.3/../../../../avr/lib/avr5/crtm128.o
__vector_3                                        C:/WinAVR/bin/../lib/gcc/avr/3.4.3/../../../../avr/lib/avr5/crtm128.o
__vector_30                                       C:/WinAVR/bin/../lib/gcc/avr/3.4.3/../../../../avr/lib/avr5/crtm128.o
__vector_31                                       C:/WinAVR/bin/../lib/gcc/avr/3.4.3/../../../../avr/lib/avr5/crtm128.o
__vector_32                                       C:/WinAVR/bin/../lib/gcc/avr/3.4.3/../../../../avr/lib/avr5/crtm128.o
__vector_33                                       C:/WinAVR/bin/../lib/gcc/avr/3.4.3/../../../../avr/lib/avr5/crtm128.o
__vector_34                                       C:/WinAVR/bin/../lib/gcc/avr/3.4.3/../../../../avr/lib/avr5/crtm128.o
__vector_4                                        C:/WinAVR/bin/../lib/gcc/avr/3.4.3/../../../../avr/lib/avr5/crtm128.o
__vector_5                                        C:/WinAVR/bin/../lib/gcc/avr/3.4.3/../../../../avr/lib/avr5/crtm128.o
__vector_6                                        C:/WinAVR/bin/../lib/gcc/avr/3.4.3/../../../../avr/lib/avr5/crtm128.o
__vector_7                                        interupter.o
                                                  C:/WinAVR/bin/../lib/gcc/avr/3.4.3/../../../../avr/lib/avr5/crtm128.o
__vector_8                                        C:/WinAVR/bin/../lib/gcc/avr/3.4.3/../../../../avr/lib/avr5/crtm128.o
__vector_9                                        interupter.o
                                                  C:/WinAVR/bin/../lib/gcc/avr/3.4.3/../../../../avr/lib/avr5/crtm128.o
__vector_default                                  C:/WinAVR/bin/../lib/gcc/avr/3.4.3/../../../../avr/lib/avr5/crtm128.o
__vectors                                         C:/WinAVR/bin/../lib/gcc/avr/3.4.3/../../../../avr/lib/avr5/crtm128.o
_div                                              C:/WinAVR/bin/../lib/gcc/avr/3.4.3/avr5\libgcc.a(_divmodhi4.o)
ack_send_handle_no_pending                        phy.o
ack_send_handle_pending                           phy.o
adc_init                                          adc_sensor.o
                                                  main.o
add_pending_queue                                 mac.o
add_to_rx_buffer                                  mac.o
add_tx_queue                                      mac.o
address_allocated_num                             router.o
associate_request_frame_send                      mac.o
associate_response_frame_send                     mac.o
associate_tab                                     router.o
associate_tab_init                                router.o
backoff_call                                      router.o
                                                  adc_sensor.o
                                                  mac.o
                                                  timer3.o
                                                  backoff_timer.o
                                                  systime.o
                                                  phy.o
                                                  cc2420.o
                                                  kertimer.o
                                                  interupter.o
                                                  led.o
                                                  main.o
backoff_timer_Set                                 router.o
                                                  adc_sensor.o
                                                  mac.o
                                                  timer3.o
                                                  backoff_timer.o
                                                  systime.o
                                                  phy.o
                                                  cc2420.o
                                                  kertimer.o
                                                  interupter.o
                                                  led.o
                                                  main.o
backoff_timer_fire                                backoff_timer.o
                                                  interupter.o
backoff_timer_isset                               backoff_timer.o
backoff_timer_setOneShot                          backoff_timer.o
backoff_timer_stop                                backoff_timer.o
beacon_frame_send                                 mac.o
                                                  systime.o
beacon_frame_tx_timing                            mac.o
beacon_info                                       mac.o
beacon_request_frame_send                         mac.o