Archive member included because of file (symbol)

C:/WinAVR/bin/../lib/gcc/avr/3.4.3/avr5\libgcc.a(_divmodhi4.o)
                              mac.o (__divmodhi4)
C:/WinAVR/bin/../lib/gcc/avr/3.4.3/avr5\libgcc.a(_udivmodsi4.o)
                              phy.o (__udivmodsi4)
C:/WinAVR/bin/../lib/gcc/avr/3.4.3/avr5\libgcc.a(_clear_bss.o)
                              main.o (__do_clear_bss)
C:/WinAVR/bin/../lib/gcc/avr/3.4.3/avr5\libgcc.a(_udivmodhi4.o)
                              C:/WinAVR/bin/../lib/gcc/avr/3.4.3/avr5\libgcc.a(_divmodhi4.o) (__udivmodhi4)
C:/WinAVR/bin/../lib/gcc/avr/3.4.3/../../../../avr/lib/avr5\libc.a(fdevopen.o)
                              uart0.o (fdevopen)
C:/WinAVR/bin/../lib/gcc/avr/3.4.3/../../../../avr/lib/avr5\libc.a(malloc.o)
                              cc2420.o (malloc)
C:/WinAVR/bin/../lib/gcc/avr/3.4.3/../../../../avr/lib/avr5\libc.a(printf.o)
                              main.o (printf)
C:/WinAVR/bin/../lib/gcc/avr/3.4.3/../../../../avr/lib/avr5\libc.a(puts.o)
                              main.o (puts)
C:/WinAVR/bin/../lib/gcc/avr/3.4.3/../../../../avr/lib/avr5\libc.a(vfprintf_std.o)
                              C:/WinAVR/bin/../lib/gcc/avr/3.4.3/../../../../avr/lib/avr5\libc.a(printf.o) (vfprintf)
C:/WinAVR/bin/../lib/gcc/avr/3.4.3/../../../../avr/lib/avr5\libc.a(calloc.o)
                              C:/WinAVR/bin/../lib/gcc/avr/3.4.3/../../../../avr/lib/avr5\libc.a(fdevopen.o) (calloc)
C:/WinAVR/bin/../lib/gcc/avr/3.4.3/../../../../avr/lib/avr5\libc.a(fputc.o)
                              C:/WinAVR/bin/../lib/gcc/avr/3.4.3/../../../../avr/lib/avr5\libc.a(vfprintf_std.o) (fputc)
C:/WinAVR/bin/../lib/gcc/avr/3.4.3/../../../../avr/lib/avr5\libc.a(memset.o)
                              C:/WinAVR/bin/../lib/gcc/avr/3.4.3/../../../../avr/lib/avr5\libc.a(calloc.o) (memset)
C:/WinAVR/bin/../lib/gcc/avr/3.4.3/../../../../avr/lib/avr5\libc.a(strlen_P.o)
                              C:/WinAVR/bin/../lib/gcc/avr/3.4.3/../../../../avr/lib/avr5\libc.a(vfprintf_std.o) (strlen_P)
C:/WinAVR/bin/../lib/gcc/avr/3.4.3/../../../../avr/lib/avr5\libc.a(strnlen.o)
                              C:/WinAVR/bin/../lib/gcc/avr/3.4.3/../../../../avr/lib/avr5\libc.a(vfprintf_std.o) (strnlen)
C:/WinAVR/bin/../lib/gcc/avr/3.4.3/../../../../avr/lib/avr5\libc.a(strnlen_P.o)
                              C:/WinAVR/bin/../lib/gcc/avr/3.4.3/../../../../avr/lib/avr5\libc.a(vfprintf_std.o) (strnlen_P)

Allocating common symbols
Common symbol       size              file

MAC_OBJECT_SUPERFRAME_TICKS
                    0x4               mac.o
cc2420fifo_txbuf    0x2               main.o
beacon_info         0x66              mac.o
cc2420_rxflag       0x1               main.o
TRACKBEACON         0x1               mac.o
cc2420_bramspi      0x1               main.o
default_node        0xd               mac.o
OS_sched_full       0x1               main.o
IS_NETWORK_FORMED   0x1               mac.o
tail_of_tx_buffer   0x2               mac.o
mScale              0x1               main.o
setIntervalFlag     0x1               main.o
ADC_INTERRUPT_FLAG  0x1               main.o
tail_of_indirect_pending_buffer
                    0x2               mac.o
mac_working_state   0x1               mac.o
current_pending_num
                    0x1               mac.o
DATA_READY          0x1               main.o
head_of_tx_buffer   0x2               mac.o
associate_tab       0x6e              router.o
queue               0x3               main.o
default_short_addr  0x2               mac.o
Is_received_beacon  0x1               mac.o
scan_channel        0x4               mac.o
demo_ieee_address   0x8               main.o
mTimerList          0x21              main.o
MAC_SUPERFRAME_PERIOD
                    0x4               mac.o
receive_timestamp   0x4               main.o
tail_of_rx_buffer   0x2               mac.o
mac_current_state_saved
                    0x1               mac.o
queue_tail          0x1               main.o
last_beacon_rx_timestamp
                    0x4               mac.o
cc2420_rxlength_now
                    0x1               main.o
address_allocated_num
                    0x2               router.o
cc2420fifo_txlength
                    0x1               main.o
MAC_CAP_PERIOD      0x4               mac.o
backoff_call        0x2               main.o
OS_sched_free       0x1               main.o
cc2420fifo_bspi     0x1               main.o
temp_csma_ca_frame  0x2               mac.o
GTSDirectionMask    0x1               main.o
__brkval            0x2               C:/WinAVR/bin/../lib/gcc/avr/3.4.3/../../../../avr/lib/avr5\libc.a(malloc.o)
last_beacon_tx_timestamp
                    0x4               mac.o
MAC_OBJECT_CAP_END_TICKS
                    0x4               mac.o
IS_MAC_SYNING       0x1               mac.o
MAC_OBJECT_CAP_START_TICKS
                    0x4               mac.o
mState              0x4               main.o
scan_time_period    0x2               mac.o
[...]
Memory Configuration

Name             Origin             Length             Attributes
text             0x00000000         0x00020000         xr
data             0x00800060         0x0000ffa0         rw !x
eeprom           0x00810000         0x00010000         rw !x
*default*        0x00000000         0xffffffff

Linker script and memory map

Address of section .data set to 0x800100
LOAD C:/WinAVR/bin/../lib/gcc/avr/3.4.3/../../../../avr/lib/avr5/crtm128.o
LOAD main.o
LOAD led.o
LOAD interupter.o
LOAD os.o
LOAD kertimer.o
LOAD avrhardware.o
LOAD uart0.o
LOAD cc2420.o
LOAD phy.o
LOAD systime.o
LOAD backoff_timer.o
LOAD timer3.o
LOAD timer_queue.o
LOAD mac.o
LOAD adc_sensor.o
LOAD router.o
LOAD C:/WinAVR/bin/../lib/gcc/avr/3.4.3/../../../../avr/lib/avr5\libm.a
LOAD C:/WinAVR/bin/../lib/gcc/avr/3.4.3/avr5\libgcc.a
LOAD C:/WinAVR/bin/../lib/gcc/avr/3.4.3/../../../../avr/lib/avr5\libc.a
LOAD C:/WinAVR/bin/../lib/gcc/avr/3.4.3/avr5\libgcc.a

.hash
 *(.hash)

.dynsym
 *(.dynsym)

.dynstr
 *(.dynstr)

.gnu.version
 *(.gnu.version)

.gnu.version_d
 *(.gnu.version_d)

.gnu.version_r
 *(.gnu.version_r)

.rel.init
 *(.rel.init)

.rela.init
 *(.rela.init)

.rel.text
 *(.rel.text)
 *(.rel.text.*)
 *(.rel.gnu.linkonce.t*)

.rela.text
 *(.rela.text)
 *(.rela.text.*)
 *(.rela.gnu.linkonce.t*)

.rel.fini
 *(.rel.fini)

.rela.fini
 *(.rela.fini)

.rel.rodata
 *(.rel.rodata)
 *(.rel.rodata.*)
 *(.rel.gnu.linkonce.r*)

.rela.rodata
 *(.rela.rodata)
 *(.rela.rodata.*)
 *(.rela.gnu.linkonce.r*)

.rel.data
 *(.rel.data)
 *(.rel.data.*)
 *(.rel.gnu.linkonce.d*)

.rela.data
 *(.rela.data)
 *(.rela.data.*)
 *(.rela.gnu.linkonce.d*)

.rel.ctors
 *(.rel.ctors)

.rela.ctors
 *(.rela.ctors)

.rel.dtors
 *(.rel.dtors)

.rela.dtors
 *(.rela.dtors)

.rel.got
 *(.rel.got)

.rela.got
 *(.rela.got)

.rel.bss
 *(.rel.bss)

.rela.bss
 *(.rela.bss)

.rel.plt
 *(.rel.plt)

.rela.plt
 *(.rela.plt)

.text           0x00000000     0x71d8
 *(.vectors)
 .vectors       0x00000000       0x8c C:/WinAVR/bin/../lib/gcc/avr/3.4.3/../../../../avr/lib/avr5/crtm128.o
                0x00000000                __vectors
                0x00000000                __vector_default
                0x0000008c                __ctors_start = .
 *(.ctors)
                0x0000008c                __ctors_end = .
                0x0000008c                __dtors_start = .
 *(.dtors)
                0x0000008c                __dtors_end = .
 *(.progmem.gcc*)
 *(.progmem*)
                0x0000008c                . = ALIGN (0x2)
 *(.init0)
 *(.init1)
 *(.init2)
 .init2         0x0000008c        0xc C:/WinAVR/bin/../lib/gcc/avr/3.4.3/../../../../avr/lib/avr5/crtm128.o
 *(.init3)
 *(.init4)
 .init4         0x00000098       0x1a C:/WinAVR/bin/../lib/gcc/avr/3.4.3/../../../../avr/lib/avr5/crtm128.o
                0x00000098                __do_copy_data
 .init4         0x000000b2       0x10 C:/WinAVR/bin/../lib/gcc/avr/3.4.3/avr5\libgcc.a(_clear_bss.o)
                0x000000b2                __do_clear_bss
 *(.init5)
 *(.init6)
 *(.init7)
 *(.init8)
 *(.init9)
 .init9         0x000000c2        0x4 C:/WinAVR/bin/../lib/gcc/avr/3.4.3/../../../../avr/lib/avr5/crtm128.o
 *(.text)
 .text          0x000000c6        0x4 C:/WinAVR/bin/../lib/gcc/avr/3.4.3/../../../../avr/lib/avr5/crtm128.o
                0x000000c6                __vector_22
                0x000000c6                __vector_28
                0x000000c6                __vector_1
                0x000000c6                __vector_32
                0x000000c6                __vector_34
                0x000000c6                __vector_24
                0x000000c6                __bad_interrupt
                0x000000c6                __vector_6
                0x000000c6                __vector_31
                0x000000c6                __vector_3
                0x000000c6                __vector_23
                0x000000c6                __vector_30
                0x000000c6                __vector_25
                0x000000c6                __vector_13
                0x000000c6                __vector_17
                0x000000c6                __vector_19
                0x000000c6                __vector_27
                0x000000c6                __vector_5
                0x000000c6                __vector_33
                0x000000c6                __vector_4
                0x000000c6                __vector_2
                0x000000c6                __vector_21
                0x000000c6                __vector_29
                0x000000c6                __vector_8
                0x000000c6                __vector_10
                0x000000c6                __vector_16
                0x000000c6                __vector_18
                0x000000c6                __vector_20
 .text          0x000000ca      0x364 main.o
                0x000000e4                GET_ADC_value
                0x000000ca                hardwareInit
                0x000000fa                main
                0x000000d4                memory_init
 .text          0x0000042e      0x194 led.o
                0x000004fa                Leds_greenOff
                0x00000484                Leds_yellowOff
                0x0000051e                Leds_greenToggle
                0x00000460                Leds_yellowOn
                0x000004a8                Leds_yellowToggle
                0x00000570                Leds_redOff
                0x0000042e                Leds_init
                0x000004d6                Leds_greenOn
                0x0000054c                Leds_redOn
                0x00000594                Leds_redToggle
 .text          0x000005c2      0x310 interupter.o
                0x0000060a                __vector_12
                0x000006de                __vector_11
                0x000005c2                __vector_7
                0x000007a2                __vector_9
                0x00000874                __vector_15
                0x00000804                __vector_26
                0x00000740                __vector_14
 .text          0x000008d2      0x104 os.o
                0x000008e8                OS_sleep
                0x00000956                OS_run_next_task
                0x000008da                os_atomic_start
                0x00000998                OS_run_task
                0x000008fc                OS_post
                0x000008f2                OS_sched_init
                0x000008d6                os_atomic_end
                0x0000093c                error
                0x000008e2                OS_wait
                0x000008d2                os_atomic_enable_interrupt
 .text          0x000009d6      0x47a kertimer.o
                0x00000a00                timer0_getInterval
                0x00000b50                kertimer_stop
                0x00000a08                timer0_hardware_get_counter
                0x00000a6a                kertimer_start
                0x00000c42                KERTimer_Fire
                0x00000a0e                kertimer_init
 .text          0x00000e50      0x6f2 avrhardware.o
                0x000012f0                OS_READ_I2C_BUS1_SDA_PIN
                0x00000fc0                OS_MAKE_CC_CCA_INPUT
                0x00000f60                OS_READ_CC_VREN_PIN
                0x00000eba                OS_READ_YELLOW_LED_PIN
                0x0000115c                OS_MAKE_INT3_INPUT
                0x0000111c                OS_SET_INT2_PIN
                0x00000f1c                OS_READ_THERM_PWR_PIN
                0x00000e72                OS_SET_RED_LED_PIN
                0x00001118                OS_MAKE_INT1_INPUT
                0x000010ba                OS_READ_FLASH_IN_PIN
                0x00001292                OS_READ_PW6_PIN
                0x0000123e                OS_MAKE_PW3_INPUT
                0x00000f98                OS_MAKE_CC_FIFOP1_OUTPUT
                0x00001360                OS_SET_UART_RXD1_PIN
                0x0000128e                OS_CLR_PW6_PIN
                0x000012d2                OS_CLR_I2C_BUS1_SCL_PIN
                0x000012e8                OS_SET_I2C_BUS1_SDA_PIN
                0x000012ce                OS_SET_I2C_BUS1_SCL_PIN
                0x00000fc4                OS_SET_CC_SFD_PIN
                0x00001516                rcombine4
                0x000012c6                OS_MAKE_PW7_OUTPUT
                0x00001336                OS_MAKE_UART_TXD0_OUTPUT
                0x00001266                OS_SET_PW5_PIN
                0x00001262                OS_MAKE_PW4_INPUT
                0x0000135c                OS_MAKE_UART_XCK0_INPUT
                0x00001504                rcombine
                0x000010b2                OS_SET_FLASH_IN_PIN
                0x00001158                OS_MAKE_INT3_OUTPUT
                0x00000ed0                OS_CLR_SERIAL_ID_PIN
                0x00000fa4                OS_CLR_CC_CCA_PIN
                0x00000f9c                OS_MAKE_CC_FIFOP1_INPUT
                0x000010b6                OS_CLR_FLASH_IN_PIN
                0x0000121a                OS_MAKE_PW2_INPUT
                0x0000119e                OS_MAKE_MISO_OUTPUT
                0x000011e2                OS_CLR_PW1_PIN
                0x000011c4                OS_SET_PW0_PIN
                0x00000eb2                OS_SET_YELLOW_LED_PIN
                0x00000fec                OS_CLR_CC_CS_PIN
                0x00001324                OS_CLR_UART_TXD0_PIN
                0x00001246                OS_CLR_PW4_PIN
                0x0000130e                OS_READ_UART_RXD0_PIN
                0x000012ca                OS_MAKE_PW7_INPUT
                0x00000fe4                OS_MAKE_CC_SFD_INPUT
                0x00001120                OS_CLR_INT2_PIN
                0x0000133e                OS_SET_UART_XCK0_PIN
                0x0000123a                OS_MAKE_PW3_OUTPUT
                0x000011ae                OS_READ_SPI_SCK_PIN
                0x00000ef0                OS_SET_BAT_MON_PIN
                0x00000f3c                OS_READ_CC_RSTN_PIN
                0x00001042                OS_MAKE_RADIO_CCA_INPUT
                0x000010cc                OS_MAKE_FLASH_IN_OUTPUT
                0x0000108a                OS_MAKE_FLASH_CLK_INPUT
                0x000012d6                OS_READ_I2C_BUS1_SCL_PIN
                0x000011f4                OS_MAKE_PW1_OUTPUT
                0x00001382                OS_SET_UART_TXD1_PIN
                0x00000eaa                OS_MAKE_GREEN_LED_OUTPUT
                0x00001364                OS_CLR_UART_RXD1_PIN
                0x000012ae                OS_SET_PW7_PIN
                0x000011d6                OS_MAKE_PW0_OUTPUT
                0x00001216                OS_MAKE_PW2_OUTPUT
                0x00001200                OS_CLR_PW2_PIN
                0x000013a2                OS_MAKE_UART_TXD1_INPUT
                0x00000ecc                OS_SET_SERIAL_ID_PIN
                0x0000104e                OS_READ_FLASH_SELECT_PIN
                0x0000106e                OS_CLR_FLASH_CLK_PIN
                0x00001242                OS_SET_PW4_PIN
                0x000012a6                OS_MAKE_PW6_OUTPUT
                0x00001186                OS_CLR_MISO_PIN
                0x000010f4                OS_MAKE_INT0_INPUT
                0x0000131c                OS_MAKE_UART_RXD0_INPUT
                0x00000f0c                OS_MAKE_BAT_MON_OUTPUT
                0x000010d8                OS_CLR_INT0_PIN
                0x00000ee8                OS_MAKE_SERIAL_ID_OUTPUT
                0x00000fc8                OS_CLR_CC_SFD_PIN
                0x0000117a                OS_MAKE_MOSI_OUTPUT
                0x000011bc                OS_MAKE_SPI_SCK_OUTPUT
                0x00001368                OS_READ_UART_RXD1_PIN
                0x000013ae                OS_READ_UART_XCK1_PIN
                0x000010dc                OS_READ_INT0_PIN
                0x00001140                OS_SET_INT3_PIN
                0x0000118a                OS_READ_MISO_PIN
                0x00001320                OS_SET_UART_TXD0_PIN
                0x00001302                OS_MAKE_I2C_BUS1_SDA_INPUT
                0x0000104a                OS_CLR_FLASH_SELECT_PIN
                0x00000e50                OS_wait_250ns
                0x0000125e                OS_MAKE_PW4_OUTPUT
                0x000010fc                OS_CLR_INT1_PIN
                0x000010aa                OS_MAKE_FLASH_OUT_OUTPUT
                0x00001168                OS_READ_MOSI_PIN
                0x00001066                OS_MAKE_FLASH_SELECT_INPUT
                0x00000fa0                OS_SET_CC_CCA_PIN
                0x0000101e                OS_MAKE_CC_FIFO_INPUT
                0x0000106a                OS_SET_FLASH_CLK_PIN
                0x00001006                OS_CLR_CC_FIFO_PIN
                0x000011aa                OS_CLR_SPI_SCK_PIN
                0x00000f10                OS_MAKE_BAT_MON_INPUT
                0x00000f2c                OS_MAKE_THERM_PWR_OUTPUT
                0x0000103e                OS_MAKE_RADIO_CCA_OUTPUT
                0x0000128a                OS_SET_PW6_PIN
                0x0000126e                OS_READ_PW5_PIN
                0x00000f7c                OS_SET_CC_FIFOP1_PIN
                0x0000102a                OS_READ_RADIO_CCA_PIN
                0x0000117e                OS_MAKE_MOSI_INPUT
                0x00000f38                OS_CLR_CC_RSTN_PIN
                0x0000137e                OS_MAKE_UART_RXD1_INPUT
                0x000010d0                OS_MAKE_FLASH_IN_INPUT
                0x00000ffa                OS_MAKE_CC_CS_OUTPUT
                0x00001484                toLSB16
                0x00000f84                OS_READ_CC_FIFOP1_PIN
                0x0000101a                OS_MAKE_CC_FIFO_OUTPUT
                0x000013ca                OS_SET_PIN_DIRECTIONS
                0x00000f80                OS_CLR_CC_FIFOP1_PIN
                0x00000ffe                OS_MAKE_CC_CS_INPUT
                0x00001358                OS_MAKE_UART_XCK0_OUTPUT
                0x00000f5c                OS_CLR_CC_VREN_PIN
                0x00000e76                OS_CLR_RED_LED_PIN
                0x00001328                OS_READ_UART_TXD0_PIN
                0x00001114                OS_MAKE_INT1_OUTPUT
                0x00001164                OS_CLR_MOSI_PIN
                0x00001022                OS_SET_RADIO_CCA_PIN
                0x00000eec                OS_MAKE_SERIAL_ID_INPUT
                0x00000ef4                OS_CLR_BAT_MON_PIN
                0x000013c6                OS_MAKE_UART_XCK1_INPUT
                0x00000e56                OS_uwait
                0x00000ef8                OS_READ_BAT_MON_PIN
                0x00001346                OS_READ_UART_XCK0_PIN
                0x00001002                OS_SET_CC_FIFO_PIN
                0x000010ae                OS_MAKE_FLASH_OUT_INPUT
                0x000011c8                OS_CLR_PW0_PIN
                0x00000eb6                OS_CLR_YELLOW_LED_PIN
                0x000013c2                OS_MAKE_UART_XCK1_OUTPUT
                0x00001144                OS_CLR_INT3_PIN
                0x00001148                OS_READ_INT3_PIN
                0x00001222                OS_CLR_PW3_PIN
                0x000011e6                OS_READ_PW1_PIN
                0x00000ed4                OS_READ_SERIAL_ID_PIN
                0x00000ec8                OS_MAKE_YELLOW_LED_INPUT
                0x00000e94                OS_SET_GREEN_LED_PIN
                0x00000f58                OS_SET_CC_VREN_PIN
                0x0000126a                OS_CLR_PW5_PIN
                0x000011a6                OS_SET_SPI_SCK_PIN
                0x00001342                OS_CLR_UART_XCK0_PIN
                0x0000108e                OS_SET_FLASH_OUT_PIN
                0x00000ec4                OS_MAKE_YELLOW_LED_OUTPUT
                0x0000130a                OS_CLR_UART_RXD0_PIN
                0x00000e8c                OS_MAKE_RED_LED_OUTPUT
                0x0000121e                OS_SET_PW3_PIN
                0x000011a2                OS_MAKE_MISO_INPUT
                0x00001100                OS_READ_INT1_PIN
                0x000012e0                OS_MAKE_I2C_BUS1_SCL_OUTPUT
                0x00001086                OS_MAKE_FLASH_CLK_OUTPUT
                0x00001286                OS_MAKE_PW5_INPUT
                0x000010f0                OS_MAKE_INT0_OUTPUT
                0x00001096                OS_READ_FLASH_OUT_PIN
                0x0000139e                OS_MAKE_UART_TXD1_OUTPUT
                0x00001160                OS_SET_MOSI_PIN
                0x00000f18                OS_CLR_THERM_PWR_PIN
                0x00000e7a                OS_READ_RED_LED_PIN
                0x00000fe8                OS_SET_CC_CS_PIN
                0x00001026                OS_CLR_RADIO_CCA_PIN
                0x00001204                OS_READ_PW2_PIN
                0x00001138                OS_MAKE_INT2_OUTPUT
                0x000012aa                OS_MAKE_PW6_INPUT
                0x00001046                OS_SET_FLASH_SELECT_PIN
                0x00001282                OS_MAKE_PW5_OUTPUT
                0x00000f74                OS_MAKE_CC_VREN_OUTPUT
                0x00000e98                OS_CLR_GREEN_LED_PIN
                0x00001448                is_host_lsb
                0x00001092                OS_CLR_FLASH_OUT_PIN
                0x00001062                OS_MAKE_FLASH_SELECT_OUTPUT
                0x00001306                OS_SET_UART_RXD0_PIN
                0x00000fa8                OS_READ_CC_CCA_PIN
                0x00000e90                OS_MAKE_RED_LED_INPUT
                0x000012e4                OS_MAKE_I2C_BUS1_SCL_INPUT
                0x000011da                OS_MAKE_PW0_INPUT
                0x00001182                OS_SET_MISO_PIN
                0x00001318                OS_MAKE_UART_RXD0_OUTPUT
                0x00000eae                OS_MAKE_GREEN_LED_INPUT
                0x00001124                OS_READ_INT2_PIN
                0x00000f54                OS_MAKE_CC_RSTN_INPUT
                0x000014c4                fromLSB16
                0x00001386                OS_CLR_UART_TXD1_PIN
                0x000012ec                OS_CLR_I2C_BUS1_SDA_PIN
                0x0000133a                OS_MAKE_UART_TXD0_INPUT
                0x00000f30                OS_MAKE_THERM_PWR_INPUT
                0x0000124a                OS_READ_PW4_PIN
                0x00000f14                OS_SET_THERM_PWR_PIN
                0x00000e9c                OS_READ_GREEN_LED_PIN
                0x000010f8                OS_SET_INT1_PIN
                0x0000100a                OS_READ_CC_FIFO_PIN
                0x00000ff0                OS_READ_CC_CS_PIN
                0x00000f34                OS_SET_CC_RSTN_PIN
                0x0000113c                OS_MAKE_INT2_INPUT
                0x00000f50                OS_MAKE_CC_RSTN_OUTPUT
                0x000012fe                OS_MAKE_I2C_BUS1_SDA_OUTPUT
                0x000011de                OS_SET_PW1_PIN
                0x00000fbc                OS_MAKE_CC_CCA_OUTPUT
                0x000011fc                OS_SET_PW2_PIN
                0x00000fe0                OS_MAKE_CC_SFD_OUTPUT
                0x000011f8                OS_MAKE_PW1_INPUT
                0x000012b6                OS_READ_PW7_PIN
                0x0000137a                OS_MAKE_UART_RXD1_OUTPUT
                0x000012b2                OS_CLR_PW7_PIN
                0x000013aa                OS_CLR_UART_XCK1_PIN
                0x000013a6                OS_SET_UART_XCK1_PIN
                0x0000138a                OS_READ_UART_TXD1_PIN
                0x00001226                OS_READ_PW3_PIN
                0x000011cc                OS_READ_PW0_PIN
                0x00000fcc                OS_READ_CC_SFD_PIN
                0x000011c0                OS_MAKE_SPI_SCK_INPUT
                0x00000f78                OS_MAKE_CC_VREN_INPUT
                0x00001072                OS_READ_FLASH_CLK_PIN
                0x000010d4                OS_SET_INT0_PIN
 .text          0x00001542       0x4c uart0.o
                0x0000155e                usart_putbyte
                0x0000156a                usart_getchar
                0x00001574                IoInit
                0x00001542                usart_putchar
 .text          0x0000158e      0x988 cc2420.o
                0x00001d6c                cc2420_init
                0x0000167c                cc2420_readreg
                0x0000175c                cc2420_setreg
                0x000015c2                cc2420_reginit
                0x000018c8                cc2420_writelargeram
                0x00001c82                cc2420_getshortaddress
                0x00001c3c                cc2420_setshortaddress
                0x00001d42                cc2420_set_ieee
                0x00001d50                cc2420_set_cordinator
                0x00001730                cc2420_sendcmd
                0x0000158e                cc2420_pin_init
                0x00001d18                cc2420_bcn_accept
                0x000016d8                cc2420_writereg
                0x00001b80                cc2420_disableAutoAck
                0x0000194c                cc2420_writetxfifo
                0x00001b32                cc2420_oscoff
                0x00001d34                cc2420_get_ieee
                0x00001bf2                cc2420_settxccamode
                0x00001be6                cc2420_settxmode
                0x00001afe                cc2420_oscon
                0x00001664                cc2420_enablefifop
                0x00001bfe                cc2420_setrfoff
                0x00001bda                cc2420_setrxmode
                0x00001cda                cc2420_getpanid
                0x000019cc                cc2420_readrxfifo
                0x00001c94                cc2420_setpanid
                0x00001b62                cc2420_enableAutoAck
                0x00001840                cc2420_readlargeram
                0x00001aa4                cc2420_fifopintr
                0x00001b3e                cc2420_VREFOn
                0x00001b50                cc2420_VREFOff
                0x00001c0a                cc2420_setchnl
                0x00001b9e                cc2420_enableAddrDecode
                0x00001bbc                cc2420_disableAddrDecode
 .text          0x00001f16      0x540 phy.o
                0x00001faa                PLME_ED_request
                0x00001fe6                PLME_SET_TRX_STATE_request
                0x00001f30                PD_DATA_request
                0x000022ca                phy_handlepacket
                0x00002176                PLME_SET_request
                0x00002454                ack_send_handle_pending
                0x000020a2                PLME_GET_request
                0x00001f68                PLME_CCA_request
                0x00002206                ack_send_handle_no_pending
                0x00001f16                phy_init
 .text          0x00002456      0x404 systime.o
                0x000024d0                systime_stop
                0x00002466                systime32
                0x00002456                systime16L
                0x00002760                systimer_task_fire
                0x00002560                Timer1_getnextInterval
                0x00002826                get_timestamp16L
                0x0000282c                get_timestamp32
                0x0000245c                systime16H
                0x000024a4                systime_init
                0x00002512                Timer1_acquireInterval
                0x0000250c                Timer1_sethalfsymbol
                0x000024d4                Timer1_OCR_intDisable
                0x0000281c                get_timestamp16H
                0x000024e4                Timer1_setInterval
                0x0000257e                systimer_start_task
                0x00002700                systimer_stop_task
                0x00002544                Timer1_adjustInterval
 .text          0x0000285a       0x9c backoff_timer.o
                0x000028b2                backoff_timer_fire
                0x0000289a                backoff_timer_stop
                0x00002862                timer2_setIntervalAndScale
                0x000028be                backoff_timer_isset
                0x0000285a                timer2_intDisable
                0x000028c6                backoff_timer_setOneShot
 .text          0x000028f6      0x108 timer3.o
                0x000028f6                Timer3_intDisable
                0x000029d8                Timer3_adjustInterval
                0x000029b2                Timer3_acquireInterval
                0x00002914                Timer3_fire
                0x0000291a                Timer3_setIntervalAndScale
                0x00002986                Timer3_sethalfsymbol
                0x000029f8                Timer3_getnextInterval
 .text          0x000029fe      0x1c0 timer_queue.o
                0x000029fe                timer3queue_init
                0x00002b0a                timer3quere_cancel
                0x00002a00                timer3queue_start
                0x00002bb0                timer3queue_interrupt
                0x00002baa                timer3queue_getnextinterval
 .text          0x00002bbe     0x3778 mac.o
                0x00004f74                associate_request_frame_send
                0x00004cca                scan_task
                0x00003c44                PD_DATA_indication
                0x000047a0                orphan_notification_frame_send
                0x000034e0                timerqueue_adjust
                0x00005066                mlmeAssociateRequest
                0x00003c6e                add_tx_queue
                0x0000603a                do_backoff
                0x000032ae                Is_data_pending
                0x0000569c                mlmeBeaconNotifyIndication
                0x00002c8a                mlmeResetRequest
                0x00006034                random_generate
                0x00005216                pending_data_send
                0x00006090                csma_initial
                0x00003b28                mlmeAssociateIndication
                0x00003374                beacon_frame_tx_timing
                0x00003d1e                mac_frame_send
                0x00002e78                mlmeStartConfirm
                0x00002f28                mlmeSyncRequest
                0x00006032                initial_pending_queue
                0x000031d2                get_pending_frame
                0x000031b6                get_frame_pointer
                0x000053e4                mcpsDataRequest
                0x000055c6                data_request_frame_send
                0x000043ae                coordinator_realignment_frame_send
                0x00002ed4                mlmeDisassociateIndication
                0x00004606                mlmeOrphanIndication
                0x000062de                transmit_with_csmaca
                0x00002f22                mlmeCommStatusIndication
                0x00003bc0                add_to_rx_buffer
                0x000042e0                associate_response_frame_send
                0x00003cf0                direct_transmit
                0x00004d4e                disassociate_notification_frame_send
                0x00002dda                mlmeScanConfirm
                0x000037aa                remove_from_rx_buffer
                0x00002f26                mlmeRxEnableConfirm
                0x00003850                add_pending_queue
                0x00002fd8                synrequest_task
                0x00003160                mcpsDataIndication
                0x00002bbe                MAC_init
                0x00004e02                mlmeDisassociateRequest
                0x00004a9e                mlmeScanRequest
                0x00003830                mac_timer3queue_getnextinterval
                0x00002e7a                mlmeAssociateConfirm
                0x00004684                mlmeStartRequest
                0x00004cdc                panid_confilct_frame_send
                0x00002fe4                mlmesyn_finished
                0x00003150                mcpsDataConfirm
                0x00002f12                mlmeDisassociateConfirm
                0x000034fe                remove_pending_queue
                0x00005aa2                mac_get_received_frame
                0x000061a4                CSMA_CA_DOING
                0x000057fa                mac_frame_rcvd
                0x000044da                mlmeSyncLossIndication
                0x00004556                mlmeOrphanResponse
                0x00003372                beacon_request_frame_send
                0x000050de                data_frame_send
                0x000041d2                beacon_frame_send
                0x00002dd8                mlmeSetRequest
                0x00006194                failure_to_tx_with_csma
                0x0000384e                initial_tx_queue
                0x00004830                mac_timer_task
                0x00002f24                mlmeRxEnableRequest
                0x000039f6                mlmeAssociateResponse
                0x000037c6                remove_tx_queue
                0x00003762                pending_frame_handle
 .text          0x00006336       0xa0 adc_sensor.o
                0x00006336                adc_init
                0x0000634c                sensor_init
                0x00006366                read_data_task
 .text          0x000063d6      0x33e router.o
                0x000064ee                short_address_allocate_req
                0x000063d6                associate_tab_init
                0x00006662                sensor_data_tx_to_pc
                0x000063f8                router_init
                0x000064cc                get_a_short_address
                0x000065b6                disassociate_req
                0x00006412                Is_associated
 .text          0x00006714       0x92 C:/WinAVR/bin/../lib/gcc/avr/3.4.3/../../../../avr/lib/avr5\libc.a(fdevopen.o)
                0x00006714                fdevopen
 .text          0x000067a6      0x222 C:/WinAVR/bin/../lib/gcc/avr/3.4.3/../../../../avr/lib/avr5\libc.a(malloc.o)
                0x000067a6                malloc
                0x00006904                free
 .text          0x000069c8       0x2a C:/WinAVR/bin/../lib/gcc/avr/3.4.3/../../../../avr/lib/avr5\libc.a(printf.o)
                0x000069c8                printf
 .text          0x000069f2       0x70 C:/WinAVR/bin/../lib/gcc/avr/3.4.3/../../../../avr/lib/avr5\libc.a(puts.o)
                0x000069f2                puts
 .text          0x00006a62      0x5fa C:/WinAVR/bin/../lib/gcc/avr/3.4.3/../../../../avr/lib/avr5\libc.a(vfprintf_std.o)
                0x00006a62                vfprintf
 .text          0x0000705c       0x38 C:/WinAVR/bin/../lib/gcc/avr/3.4.3/../../../../avr/lib/avr5\libc.a(calloc.o)
                0x0000705c                calloc
 .text          0x00007094       0x66 C:/WinAVR/bin/../lib/gcc/avr/3.4.3/../../../../avr/lib/avr5\libc.a(fputc.o)
                0x00007094                fputc
 .text          0x000070fa        0xe C:/WinAVR/bin/../lib/gcc/avr/3.4.3/../../../../avr/lib/avr5\libc.a(memset.o)
                0x000070fa                memset
 .text          0x00007108       0x12 C:/WinAVR/bin/../lib/gcc/avr/3.4.3/../../../../avr/lib/avr5\libc.a(strlen_P.o)
                0x00007108                strlen_P
 .text          0x0000711a       0x16 C:/WinAVR/bin/../lib/gcc/avr/3.4.3/../../../../avr/lib/avr5\libc.a(strnlen.o)
                0x0000711a                strnlen
 .text          0x00007130       0x16 C:/WinAVR/bin/../lib/gcc/avr/3.4.3/../../../../avr/lib/avr5\libc.a(strnlen_P.o)
                0x00007130                strnlen_P
                0x00007146                . = ALIGN (0x2)
 *(.text.*)
 .text.libgcc   0x00007146       0x26 C:/WinAVR/bin/../lib/gcc/avr/3.4.3/avr5\libgcc.a(_divmodhi4.o)
                0x00007146                __divmodhi4
                0x00007146                _div
 .text.libgcc   0x0000716c       0x44 C:/WinAVR/bin/../lib/gcc/avr/3.4.3/avr5\libgcc.a(_udivmodsi4.o)
                0x0000716c                __udivmodsi4
 .text.libgcc   0x000071b0       0x28 C:/WinAVR/bin/../lib/gcc/avr/3.4.3/avr5\libgcc.a(_udivmodhi4.o)
                0x000071b0                __udivmodhi4
                0x000071d8                . = ALIGN (0x2)
 *(.fini9)
 *(.fini8)
 *(.fini7)
 *(.fini6)
 *(.fini5)
 *(.fini4)
 *(.fini3)
 *(.fini2)
 *(.fini1)
 *(.fini0)
                0x000071d8                _etext = .

.data           0x00800100      0x48e load address 0x000071d8
                0x00800100                PROVIDE (__data_start, .)
 *(.data)
 .data          0x00800100       0x4d main.o
 .data          0x0080014d        0x3 os.o
 .data          0x00800150       0x4c systime.o
 .data          0x0080019c       0x18 timer3.o
 .data          0x008001b4       0x2c timer_queue.o
 .data          0x008001e0      0x3a8 mac.o
 .data          0x00800588        0x6 C:/WinAVR/bin/../lib/gcc/avr/3.4.3/../../../../avr/lib/avr5\libc.a(malloc.o)
                0x0080058a                __malloc_heap_start
                0x00800588                __malloc_heap_end
                0x0080058c                __malloc_margin
 *(.gnu.linkonce.d*)
                0x0080058e                . = ALIGN (0x2)
                0x0080058e                _edata = .
                0x0080058e                PROVIDE (__data_end, .)

.bss            0x0080058e      0x4fc
                0x0080058e                PROVIDE (__bss_start, .)
 *(.bss)
 *(COMMON)
 COMMON         0x0080058e       0xb5 main.o
                                  0x0 (size before relaxing)
                0x0080058e                cc2420fifo_txbuf
                0x00800590                cc2420_rxflag
                0x00800591                cc2420_bramspi
                0x00800592                OS_sched_full
                0x00800593                mScale
                0x00800594                setIntervalFlag
                0x00800595                ADC_INTERRUPT_FLAG
                0x00800596                DATA_READY
                0x00800597                queue
                0x0080059a                demo_ieee_address
                0x008005a2                mTimerList
                0x008005c3                receive_timestamp
                0x008005c7                queue_tail
                0x008005c8                cc2420_rxlength_now
                0x008005c9                cc2420fifo_txlength
                0x008005ca                backoff_call
                0x008005cc                OS_sched_free
                0x008005cd                cc2420fifo_bspi
                0x008005ce                GTSDirectionMask
                0x008005cf                mState
                0x008005d3                backoff_timer_Set
                0x008005d4                cc2420_LocalAddr
                0x008005d6                phy_channel_state
                0x008005d7                timestamp_H
                0x008005d9                cc2420_ramlen
                0x008005da                ieee_address
                0x008005e2                OS_queue
                0x008005f2                queue_head
                0x008005f3                cc2420_rambuf
                0x008005f5                cc2420_rxbuf_now
                0x008005f7                send_timestamp
                0x008005fb                SENSOR_DATA_VALUE
                0x0080060f                mInterval
                0x00800610                cc2420_stateRadio
                0x00800611                queue_size
                0x00800612                rfpackernum
                0x00800613                cc2420_ramaddr
                0x00800615                rxbuf_flag
                0x00800616                shortaddress
                0x00800618                cc2420_rxbuf
                0x0080061c                cc2420_rxlength
                0x0080061d                cc2420_rxbufuse
                0x0080061e                demopacket
                0x00800620                head_of_systimer_queue
                0x00800622                currentTime
                0x00800624                cc2420_currentparameters
                0x00800640                ppib
 COMMON         0x00800643        0x1 led.o
                                  0x0 (size before relaxing)
                0x00800643                LedsC_ledsOn
 COMMON         0x00800644      0x3ca mac.o
                                  0x0 (size before relaxing)
                0x00800644                MAC_OBJECT_SUPERFRAME_TICKS
                0x00800648                beacon_info
                0x008006ae                TRACKBEACON
                0x008006af                default_node
                0x008006bc                IS_NETWORK_FORMED
                0x008006bd                tail_of_tx_buffer
                0x008006bf                tail_of_indirect_pending_buffer
                0x008006c1                mac_working_state
                0x008006c2                current_pending_num
                0x008006c3                head_of_tx_buffer
                0x008006c5                default_short_addr
                0x008006c7                Is_received_beacon
                0x008006c8                scan_channel
                0x008006cc                MAC_SUPERFRAME_PERIOD
                0x008006d0                tail_of_rx_buffer
                0x008006d2                mac_current_state_saved
                0x008006d3                last_beacon_rx_timestamp
                0x008006d7                MAC_CAP_PERIOD
                0x008006db                temp_csma_ca_frame
                0x008006dd                last_beacon_tx_timestamp
                0x008006e1                MAC_OBJECT_CAP_END_TICKS
                0x008006e5                IS_MAC_SYNING
                0x008006e6                MAC_OBJECT_CAP_START_TICKS
                0x008006ea                scan_time_period
                0x008006ec                mac_current_state
                0x008006ed                CW
                0x008006ee                head_of_rx_buffer
                0x008006f0                csma_state
                0x008006f1                mcps_data_indication_info
                0x00800775                scan_channel_index
                0x00800776                head_of_indirect_pending_buffer
                0x00800778                default_long_addr
                0x00800780                BE
                0x00800781                mac_pib_data
                0x008007ae                loss_sync_number
                0x008007af                Parameter_list
                0x008007bb                MAC_CURRENT_TICKS
                0x008007bf                Is_mac_associated_successful
                0x008007c0                mlme_associate_indication_info
                0x008007cb                current_timer_elem
                0x008007cd                no_short_addr
                0x008007cf                mac_tx_current_frame
                0x00800884                head_of_timer_queue
                0x00800886                scan_result_info
                0x0080090a                mac_tx_beacon
                0x00800958                mac_rx_current_frame
                0x00800a0d                NB
 COMMON         0x00800a0e       0x72 router.o
                                  0x0 (size before relaxing)
                0x00800a0e                associate_tab
                0x00800a7c                address_allocated_num
                0x00800a7e                short_address_initial
 COMMON         0x00800a80        0x6 C:/WinAVR/bin/../lib/gcc/avr/3.4.3/../../../../avr/lib/avr5\libc.a(fdevopen.o)
                                  0x0 (size before relaxing)
                0x00800a80                __iob
 COMMON         0x00800a86        0x4 C:/WinAVR/bin/../lib/gcc/avr/3.4.3/../../../../avr/lib/avr5\libc.a(malloc.o)
                                  0x0 (size before relaxing)
                0x00800a86                __brkval
                0x00800a88                __flp
                0x00800a8a                PROVIDE (__bss_end, .)
                0x000071d8                __data_load_start = LOADADDR (.data)
                0x00007666                __data_load_end = (__data_load_start + SIZEOF (.data))

.noinit         0x00800a8a        0x0
                0x00800a8a                PROVIDE (__noinit_start, .)
 *(.noinit*)
                0x00800a8a                PROVIDE (__noinit_end, .)
                0x00800a8a                _end = .
                0x00800a8a                PROVIDE (__heap_start, .)

.eeprom         0x00810000        0x0
 *(.eeprom*)
                0x00810000                __eeprom_end = .

.stab           0x00000000     0xeb50
 *(.stab)
 .stab          0x00000000     0x1014 main.o
                               0x1020 (size before relaxing)
 .stab          0x00001014      0x9b4 led.o
                               0x114c (size before relaxing)
 .stab          0x000019c8      0x780 interupter.o
                                0xf18 (size before relaxing)
 .stab          0x00002148      0x924 os.o
                                0x930 (size before relaxing)
 .stab          0x00002a6c      0xa20 kertimer.o
                               0x11b8 (size before relaxing)
 .stab          0x0000348c     0x19ec avrhardware.o
                               0x1cb0 (size before relaxing)
 .stab          0x00004e78      0x384 uart0.o
                                0x4a4 (size before relaxing)
 .stab          0x000051fc     0x198c cc2420.o
                               0x2124 (size before relaxing)
 .stab          0x00006b88      0xe70 phy.o
                               0x13a4 (size before relaxing)
 .stab          0x000079f8      0xcfc systime.o
                               0x1494 (size before relaxing)
 .stab          0x000086f4      0x648 backoff_timer.o
                                0xde0 (size before relaxing)
 .stab          0x00008d3c      0x6d8 timer3.o
                                0xe70 (size before relaxing)
 .stab          0x00009414      0x4e0 timer_queue.o
                                0x6e4 (size before relaxing)
 .stab          0x000098f4     0x4428 mac.o
                               0x4bcc (size before relaxing)
 .stab          0x0000dd1c      0x5d0 adc_sensor.o
                                0xd68 (size before relaxing)
 .stab          0x0000e2ec      0x864 router.o
                               0x1008 (size before relaxing)

.stabstr        0x00000000     0xbc1a
 *(.stabstr)
 .stabstr       0x00000000     0xbc1a main.o
                                  0x0 (size before relaxing)

.stab.excl
 *(.stab.excl)

.stab.exclstr
 *(.stab.exclstr)

.stab.index
 *(.stab.index)

.stab.indexstr
 *(.stab.indexstr)

.comment
 *(.comment)

.debug
 *(.debug)

.line
 *(.line)

.debug_srcinfo
 *(.debug_srcinfo)

.debug_sfnames
 *(.debug_sfnames)

.debug_aranges
 *(.debug_aranges)

.debug_pubnames
 *(.debug_pubnames)

.debug_info
 *(.debug_info)
 *(.gnu.linkonce.wi.*)

.debug_abbrev
 *(.debug_abbrev)

.debug_line
 *(.debug_line)

.debug_frame
 *(.debug_frame)

.debug_str
 *(.debug_str)

.debug_loc
 *(.debug_loc)

.debug_macinfo
 *(.debug_macinfo)
OUTPUT(main.elf elf32-avr)

Cross Reference Table

Symbol                                            File
ADC_INTERRUPT_FLAG                                router.o
                                                  adc_sensor.o
                                                  mac.o
                                                  timer3.o
                                                  backoff_timer.o
                                                  systime.o
                                                  phy.o
                                                  cc2420.o
                                                  kertimer.o
                                                  interupter.o
                                                  led.o
                                                  main.o
BE                                                mac.o
CSMA_CA_DOING                                     mac.o
                                                  systime.o
CW                                                mac.o
DATA_READY                                        main.o
GET_ADC_value                                     main.o
GTSDirectionMask                                  router.o
                                                  adc_sensor.o
                                                  mac.o
                                                  timer3.o
                                                  backoff_timer.o
                                                  systime.o
                                                  phy.o
                                                  cc2420.o
                                                  kertimer.o
                                                  interupter.o
                                                  led.o
                                                  main.o
IS_MAC_SYNING                                     mac.o
IS_NETWORK_FORMED                                 mac.o
                                                  systime.o
                                                  main.o
IoInit                                            uart0.o
                                                  main.o
Is_associated                                     router.o
Is_data_pending                                   mac.o
Is_mac_associated_successful                      mac.o
Is_received_beacon                                mac.o
KERTimer_Fire                                     kertimer.o
                                                  interupter.o
LedsC_ledsOn                                      led.o
Leds_greenOff                                     led.o
                                                  systime.o
                                                  main.o
Leds_greenOn                                      led.o
                                                  systime.o
                                                  main.o
Leds_greenToggle                                  led.o
Leds_init                                         led.o
Leds_redOff                                       led.o
                                                  main.o
Leds_redOn                                        led.o
                                                  main.o
Leds_redToggle                                    led.o
                                                  mac.o
                                                  systime.o
                                                  phy.o
Leds_yellowOff                                    led.o
                                                  systime.o
                                                  main.o
Leds_yellowOn                                     led.o
                                                  systime.o
                                                  main.o
Leds_yellowToggle                                 led.o
MAC_CAP_PERIOD                                    mac.o
MAC_CURRENT_TICKS                                 mac.o
MAC_OBJECT_CAP_END_TICKS                          mac.o
MAC_OBJECT_CAP_START_TICKS                        mac.o
                                                  phy.o
MAC_OBJECT_SUPERFRAME_TICKS                       mac.o
MAC_SUPERFRAME_PERIOD                             mac.o
MAC_init                                          mac.o
                                                  main.o
NB                                                mac.o
OS_CLR_BAT_MON_PIN                                avrhardware.o
OS_CLR_CC_CCA_PIN                                 avrhardware.o
OS_CLR_CC_CS_PIN                                  avrhardware.o
                                                  cc2420.o
OS_CLR_CC_FIFOP1_PIN                              avrhardware.o
OS_CLR_CC_FIFO_PIN                                avrhardware.o
OS_CLR_CC_RSTN_PIN                                avrhardware.o
                                                  cc2420.o
OS_CLR_CC_SFD_PIN                                 avrhardware.o
OS_CLR_CC_VREN_PIN                                avrhardware.o
                                                  cc2420.o
OS_CLR_FLASH_CLK_PIN                              avrhardware.o
OS_CLR_FLASH_IN_PIN                               avrhardware.o
OS_CLR_FLASH_OUT_PIN                              avrhardware.o
OS_CLR_FLASH_SELECT_PIN                           avrhardware.o
OS_CLR_GREEN_LED_PIN                              avrhardware.o
                                                  led.o
OS_CLR_I2C_BUS1_SCL_PIN                           avrhardware.o
OS_CLR_I2C_BUS1_SDA_PIN                           avrhardware.o
OS_CLR_INT0_PIN                                   avrhardware.o
OS_CLR_INT1_PIN                                   avrhardware.o
OS_CLR_INT2_PIN                                   avrhardware.o
OS_CLR_INT3_PIN                                   avrhardware.o
OS_CLR_MISO_PIN                                   avrhardware.o
OS_CLR_MOSI_PIN                                   avrhardware.o
OS_CLR_PW0_PIN                                    avrhardware.o
OS_CLR_PW1_PIN                                    avrhardware.o
OS_CLR_PW2_PIN                                    avrhardware.o
OS_CLR_PW3_PIN                                    avrhardware.o
OS_CLR_PW4_PIN                                    avrhardware.o
OS_CLR_PW5_PIN                                    avrhardware.o
OS_CLR_PW6_PIN                                    avrhardware.o
OS_CLR_PW7_PIN                                    avrhardware.o
OS_CLR_RADIO_CCA_PIN                              avrhardware.o
OS_CLR_RED_LED_PIN                                avrhardware.o
                                                  led.o
OS_CLR_SERIAL_ID_PIN                              avrhardware.o
OS_CLR_SPI_SCK_PIN                                avrhardware.o
OS_CLR_THERM_PWR_PIN                              avrhardware.o
OS_CLR_UART_RXD0_PIN                              avrhardware.o
OS_CLR_UART_RXD1_PIN                              avrhardware.o
OS_CLR_UART_TXD0_PIN                              avrhardware.o
OS_CLR_UART_TXD1_PIN                              avrhardware.o
OS_CLR_UART_XCK0_PIN                              avrhardware.o
OS_CLR_UART_XCK1_PIN                              avrhardware.o
OS_CLR_YELLOW_LED_PIN                             avrhardware.o
                                                  led.o
OS_MAKE_BAT_MON_INPUT                             avrhardware.o
OS_MAKE_BAT_MON_OUTPUT                            avrhardware.o
OS_MAKE_CC_CCA_INPUT                              avrhardware.o
                                                  cc2420.o
OS_MAKE_CC_CCA_OUTPUT                             avrhardware.o
OS_MAKE_CC_CS_INPUT                               avrhardware.o
OS_MAKE_CC_CS_OUTPUT                              avrhardware.o
                                                  cc2420.o
OS_MAKE_CC_FIFOP1_INPUT                           avrhardware.o
                                                  cc2420.o
OS_MAKE_CC_FIFOP1_OUTPUT                          avrhardware.o
OS_MAKE_CC_FIFO_INPUT                             avrhardware.o
                                                  cc2420.o
OS_MAKE_CC_FIFO_OUTPUT                            avrhardware.o
OS_MAKE_CC_RSTN_INPUT                             avrhardware.o
OS_MAKE_CC_RSTN_OUTPUT                            avrhardware.o
                                                  cc2420.o
OS_MAKE_CC_SFD_INPUT                              avrhardware.o
                                                  cc2420.o
OS_MAKE_CC_SFD_OUTPUT                             avrhardware.o
OS_MAKE_CC_VREN_INPUT                             avrhardware.o
OS_MAKE_CC_VREN_OUTPUT                            avrhardware.o
                                                  cc2420.o
OS_MAKE_FLASH_CLK_INPUT                           avrhardware.o
OS_MAKE_FLASH_CLK_OUTPUT                          avrhardware.o
OS_MAKE_FLASH_IN_INPUT                            avrhardware.o
OS_MAKE_FLASH_IN_OUTPUT                           avrhardware.o
OS_MAKE_FLASH_OUT_INPUT                           avrhardware.o
OS_MAKE_FLASH_OUT_OUTPUT                          avrhardware.o
OS_MAKE_FLASH_SELECT_INPUT                        avrhardware.o
OS_MAKE_FLASH_SELECT_OUTPUT                       avrhardware.o
OS_MAKE_GREEN_LED_INPUT                           avrhardware.o
OS_MAKE_GREEN_LED_OUTPUT                          avrhardware.o
                                                  led.o
OS_MAKE_I2C_BUS1_SCL_INPUT                        avrhardware.o
OS_MAKE_I2C_BUS1_SCL_OUTPUT                       avrhardware.o
OS_MAKE_I2C_BUS1_SDA_INPUT                        avrhardware.o
OS_MAKE_I2C_BUS1_SDA_OUTPUT                       avrhardware.o
OS_MAKE_INT0_INPUT                                avrhardware.o
OS_MAKE_INT0_OUTPUT                               avrhardware.o
OS_MAKE_INT1_INPUT                                avrhardware.o
OS_MAKE_INT1_OUTPUT                               avrhardware.o
                                                  adc_sensor.o
OS_MAKE_INT2_INPUT                                avrhardware.o
OS_MAKE_INT2_OUTPUT                               avrhardware.o
OS_MAKE_INT3_INPUT                                avrhardware.o
OS_MAKE_INT3_OUTPUT                               avrhardware.o
OS_MAKE_MISO_INPUT                                avrhardware.o
                                                  cc2420.o
OS_MAKE_MISO_OUTPUT                               avrhardware.o
OS_MAKE_MOSI_INPUT                                avrhardware.o
OS_MAKE_MOSI_OUTPUT                               avrhardware.o
                                                  cc2420.o
OS_MAKE_PW0_INPUT                                 avrhardware.o
OS_MAKE_PW0_OUTPUT                                avrhardware.o
OS_MAKE_PW1_INPUT                                 avrhardware.o
OS_MAKE_PW1_OUTPUT                                avrhardware.o
OS_MAKE_PW2_INPUT                                 avrhardware.o
OS_MAKE_PW2_OUTPUT                                avrhardware.o
OS_MAKE_PW3_INPUT                                 avrhardware.o
OS_MAKE_PW3_OUTPUT                                avrhardware.o
OS_MAKE_PW4_INPUT                                 avrhardware.o
OS_MAKE_PW4_OUTPUT                                avrhardware.o
OS_MAKE_PW5_INPUT                                 avrhardware.o
OS_MAKE_PW5_OUTPUT                                avrhardware.o
OS_MAKE_PW6_INPUT                                 avrhardware.o
OS_MAKE_PW6_OUTPUT                                avrhardware.o
OS_MAKE_PW7_INPUT                                 avrhardware.o
OS_MAKE_PW7_OUTPUT                                avrhardware.o
OS_MAKE_RADIO_CCA_INPUT                           avrhardware.o
OS_MAKE_RADIO_CCA_OUTPUT                          avrhardware.o
OS_MAKE_RED_LED_INPUT                             avrhardware.o
OS_MAKE_RED_LED_OUTPUT                            avrhardware.o
                                                  led.o
OS_MAKE_SERIAL_ID_INPUT                           avrhardware.o
OS_MAKE_SERIAL_ID_OUTPUT                          avrhardware.o
OS_MAKE_SPI_SCK_INPUT                             avrhardware.o
OS_MAKE_SPI_SCK_OUTPUT                            avrhardware.o
                                                  cc2420.o
OS_MAKE_THERM_PWR_INPUT                           avrhardware.o
OS_MAKE_THERM_PWR_OUTPUT                          avrhardware.o
OS_MAKE_UART_RXD0_INPUT                           avrhardware.o
OS_MAKE_UART_RXD0_OUTPUT                          avrhardware.o
OS_MAKE_UART_RXD1_INPUT                           avrhardware.o
OS_MAKE_UART_RXD1_OUTPUT                          avrhardware.o
OS_MAKE_UART_TXD0_INPUT                           avrhardware.o
OS_MAKE_UART_TXD0_OUTPUT                          avrhardware.o
OS_MAKE_UART_TXD1_INPUT                           avrhardware.o
OS_MAKE_UART_TXD1_OUTPUT                          avrhardware.o
OS_MAKE_UART_XCK0_INPUT                           avrhardware.o
OS_MAKE_UART_XCK0_OUTPUT                          avrhardware.o
OS_MAKE_UART_XCK1_INPUT                           avrhardware.o
OS_MAKE_UART_XCK1_OUTPUT                          avrhardware.o
OS_MAKE_YELLOW_LED_INPUT                          avrhardware.o
OS_MAKE_YELLOW_LED_OUTPUT                         avrhardware.o
                                                  led.o
OS_READ_BAT_MON_PIN                               avrhardware.o
OS_READ_CC_CCA_PIN                                avrhardware.o
                                                  phy.o
OS_READ_CC_CS_PIN                                 avrhardware.o
OS_READ_CC_FIFOP1_PIN                             avrhardware.o
OS_READ_CC_FIFO_PIN                               avrhardware.o
                                                  cc2420.o
OS_READ_CC_RSTN_PIN                               avrhardware.o
OS_READ_CC_SFD_PIN                                avrhardware.o
                                                  phy.o
OS_READ_CC_VREN_PIN                               avrhardware.o
OS_READ_FLASH_CLK_PIN                             avrhardware.o
OS_READ_FLASH_IN_PIN                              avrhardware.o
OS_READ_FLASH_OUT_PIN                             avrhardware.o
OS_READ_FLASH_SELECT_PIN                          avrhardware.o
OS_READ_GREEN_LED_PIN                             avrhardware.o
OS_READ_I2C_BUS1_SCL_PIN                          avrhardware.o
OS_READ_I2C_BUS1_SDA_PIN                          avrhardware.o
OS_READ_INT0_PIN                                  avrhardware.o
OS_READ_INT1_PIN                                  avrhardware.o
OS_READ_INT2_PIN                                  avrhardware.o
OS_READ_INT3_PIN                                  avrhardware.o
OS_READ_MISO_PIN                                  avrhardware.o
OS_READ_MOSI_PIN                                  avrhardware.o
OS_READ_PW0_PIN                                   avrhardware.o
OS_READ_PW1_PIN                                   avrhardware.o
OS_READ_PW2_PIN                                   avrhardware.o
OS_READ_PW3_PIN                                   avrhardware.o
OS_READ_PW4_PIN                                   avrhardware.o
OS_READ_PW5_PIN                                   avrhardware.o
OS_READ_PW6_PIN                                   avrhardware.o
OS_READ_PW7_PIN                                   avrhardware.o
OS_READ_RADIO_CCA_PIN                             avrhardware.o
OS_READ_RED_LED_PIN                               avrhardware.o
OS_READ_SERIAL_ID_PIN                             avrhardware.o
OS_READ_SPI_SCK_PIN                               avrhardware.o
OS_READ_THERM_PWR_PIN                             avrhardware.o
OS_READ_UART_RXD0_PIN                             avrhardware.o
OS_READ_UART_RXD1_PIN                             avrhardware.o
OS_READ_UART_TXD0_PIN                             avrhardware.o
OS_READ_UART_TXD1_PIN                             avrhardware.o
OS_READ_UART_XCK0_PIN                             avrhardware.o
OS_READ_UART_XCK1_PIN                             avrhardware.o
OS_READ_YELLOW_LED_PIN                            avrhardware.o
OS_SET_BAT_MON_PIN                                avrhardware.o
OS_SET_CC_CCA_PIN                                 avrhardware.o
OS_SET_CC_CS_PIN                                  avrhardware.o
                                                  cc2420.o
OS_SET_CC_FIFOP1_PIN                              avrhardware.o
OS_SET_CC_FIFO_PIN                                avrhardware.o
OS_SET_CC_RSTN_PIN                                avrhardware.o
                                                  cc2420.o
OS_SET_CC_SFD_PIN                                 avrhardware.o
OS_SET_CC_VREN_PIN                                avrhardware.o
                                                  cc2420.o
OS_SET_FLASH_CLK_PIN                              avrhardware.o
OS_SET_FLASH_IN_PIN                               avrhardware.o
OS_SET_FLASH_OUT_PIN                              avrhardware.o
OS_SET_FLASH_SELECT_PIN                           avrhardware.o
OS_SET_GREEN_LED_PIN                              avrhardware.o
                                                  led.o
OS_SET_I2C_BUS1_SCL_PIN                           avrhardware.o
OS_SET_I2C_BUS1_SDA_PIN                           avrhardware.o
OS_SET_INT0_PIN                                   avrhardware.o
OS_SET_INT1_PIN                                   avrhardware.o
                                                  adc_sensor.o
OS_SET_INT2_PIN                                   avrhardware.o
OS_SET_INT3_PIN                                   avrhardware.o
OS_SET_MISO_PIN                                   avrhardware.o
OS_SET_MOSI_PIN                                   avrhardware.o
OS_SET_PIN_DIRECTIONS                             avrhardware.o
                                                  main.o
OS_SET_PW0_PIN                                    avrhardware.o
OS_SET_PW1_PIN                                    avrhardware.o
OS_SET_PW2_PIN                                    avrhardware.o
OS_SET_PW3_PIN                                    avrhardware.o
OS_SET_PW4_PIN                                    avrhardware.o
OS_SET_PW5_PIN                                    avrhardware.o
OS_SET_PW6_PIN                                    avrhardware.o
OS_SET_PW7_PIN                                    avrhardware.o
OS_SET_RADIO_CCA_PIN                              avrhardware.o
OS_SET_RED_LED_PIN                                avrhardware.o
                                                  led.o
OS_SET_SERIAL_ID_PIN                              avrhardware.o
OS_SET_SPI_SCK_PIN                                avrhardware.o
OS_SET_THERM_PWR_PIN                              avrhardware.o
OS_SET_UART_RXD0_PIN                              avrhardware.o
OS_SET_UART_RXD1_PIN                              avrhardware.o
OS_SET_UART_TXD0_PIN                              avrhardware.o
OS_SET_UART_TXD1_PIN                              avrhardware.o
OS_SET_UART_XCK0_PIN                              avrhardware.o
OS_SET_UART_XCK1_PIN                              avrhardware.o
OS_SET_YELLOW_LED_PIN                             avrhardware.o
                                                  led.o
OS_post                                           os.o
                                                  mac.o
                                                  timer_queue.o
                                                  systime.o
                                                  phy.o
                                                  kertimer.o
                                                  interupter.o
OS_queue                                          router.o
                                                  adc_sensor.o
                                                  mac.o
                                                  timer3.o
                                                  backoff_timer.o
                                                  systime.o
                                                  phy.o
                                                  cc2420.o
                                                  kertimer.o
                                                  os.o
                                                  interupter.o
                                                  led.o
                                                  main.o
OS_run_next_task                                  os.o
OS_run_task                                       os.o
                                                  main.o
OS_sched_free                                     router.o
                                                  adc_sensor.o
                                                  mac.o
                                                  timer3.o
                                                  backoff_timer.o
                                                  systime.o
                                                  phy.o
                                                  cc2420.o
                                                  kertimer.o
                                                  os.o
                                                  interupter.o
                                                  led.o
                                                  main.o
OS_sched_full                                     router.o
                                                  adc_sensor.o
                                                  mac.o
                                                  timer3.o
                                                  backoff_timer.o
                                                  systime.o
                                                  phy.o
                                                  cc2420.o
                                                  kertimer.o
                                                  os.o
                                                  interupter.o
                                                  led.o
                                                  main.o
OS_sched_init                                     os.o
                                                  main.o
OS_sleep                                          os.o
                                                  main.o
OS_uwait                                          avrhardware.o
                                                  cc2420.o
OS_wait                                           os.o
OS_wait_250ns                                     avrhardware.o
PD_DATA_indication                                mac.o
                                                  phy.o
PD_DATA_request                                   phy.o
                                                  mac.o
PLME_CCA_request                                  phy.o
                                                  mac.o
PLME_ED_request                                   phy.o
                                                  mac.o
PLME_GET_request                                  phy.o
PLME_SET_TRX_STATE_request                        phy.o
                                                  mac.o
                                                  systime.o
                                                  main.o
PLME_SET_request                                  phy.o
                                                  mac.o
Parameter_list                                    mac.o
SENSOR_DATA_VALUE                                 router.o
                                                  adc_sensor.o
                                                  mac.o
                                                  timer3.o
                                                  backoff_timer.o
                                                  systime.o
                                                  phy.o
                                                  cc2420.o
                                                  kertimer.o
                                                  interupter.o
                                                  led.o
                                                  main.o
TRACKBEACON                                       mac.o
Timer1_OCR_intDisable                             systime.o
                                                  interupter.o
Timer1_acquireInterval                            systime.o
Timer1_adjustInterval                             systime.o
Timer1_getnextInterval                            systime.o
                                                  interupter.o
Timer1_setInterval                                systime.o
Timer1_sethalfsymbol                              systime.o
Timer3_acquireInterval                            timer3.o
                                                  timer_queue.o
Timer3_adjustInterval                             timer3.o
                                                  timer_queue.o
Timer3_fire                                       timer3.o
                                                  interupter.o
Timer3_getnextInterval                            timer3.o
                                                  interupter.o
Timer3_intDisable                                 timer3.o
                                                  timer_queue.o
                                                  interupter.o
Timer3_setIntervalAndScale                        timer3.o
Timer3_sethalfsymbol                              timer3.o
                                                  timer_queue.o
__bad_interrupt                                   C:/WinAVR/bin/../lib/gcc/avr/3.4.3/../../../../avr/lib/avr5/crtm128.o
__brkval                                          C:/WinAVR/bin/../lib/gcc/avr/3.4.3/../../../../avr/lib/avr5\libc.a(malloc.o)
__bss_end                                         C:/WinAVR/bin/../lib/gcc/avr/3.4.3/avr5\libgcc.a(_clear_bss.o)
__bss_start                                       C:/WinAVR/bin/../lib/gcc/avr/3.4.3/avr5\libgcc.a(_clear_bss.o)
__data_end                                        C:/WinAVR/bin/../lib/gcc/avr/3.4.3/../../../../avr/lib/avr5/crtm128.o
__data_load_start                                 C:/WinAVR/bin/../lib/gcc/avr/3.4.3/../../../../avr/lib/avr5/crtm128.o
__data_start                                      C:/WinAVR/bin/../lib/gcc/avr/3.4.3/../../../../avr/lib/avr5/crtm128.o
__divmodhi4                                       C:/WinAVR/bin/../lib/gcc/avr/3.4.3/avr5\libgcc.a(_divmodhi4.o)
                                                  mac.o
__do_clear_bss                                    C:/WinAVR/bin/../lib/gcc/avr/3.4.3/avr5\libgcc.a(_clear_bss.o)
                                                  C:/WinAVR/bin/../lib/gcc/avr/3.4.3/../../../../avr/lib/avr5\libc.a(fputc.o)
                                                  C:/WinAVR/bin/../lib/gcc/avr/3.4.3/../../../../avr/lib/avr5\libc.a(calloc.o)
                                                  C:/WinAVR/bin/../lib/gcc/avr/3.4.3/../../../../avr/lib/avr5\libc.a(vfprintf_std.o)
                                                  C:/WinAVR/bin/../lib/gcc/avr/3.4.3/../../../../avr/lib/avr5\libc.a(puts.o)
                                                  C:/WinAVR/bin/../lib/gcc/avr/3.4.3/../../../../avr/lib/avr5\libc.a(printf.o)
                                                  C:/WinAVR/bin/../lib/gcc/avr/3.4.3/../../../../avr/lib/avr5\libc.a(malloc.o)
                                                  C:/WinAVR/bin/../lib/gcc/avr/3.4.3/../../../../avr/lib/avr5\libc.a(fdevopen.o)
                                                  router.o
                                                  adc_sensor.o
                                                  mac.o
                                                  timer_queue.o
                                                  timer3.o
                                                  backoff_timer.o
                                                  systime.o
                                                  phy.o
                                                  cc2420.o
                                                  uart0.o
                                                  avrhardware.o
                                                  kertimer.o
                                                  os.o
                                                  interupter.o
                                                  led.o
                                                  main.o
__do_copy_data                                    C:/WinAVR/bin/../lib/gcc/avr/3.4.3/../../../../avr/lib/avr5/crtm128.o
                                                  C:/WinAVR/bin/../lib/gcc/avr/3.4.3/../../../../avr/lib/avr5\libc.a(fputc.o)
                                                  C:/WinAVR/bin/../lib/gcc/avr/3.4.3/../../../../avr/lib/avr5\libc.a(calloc.o)
                                                  C:/WinAVR/bin/../lib/gcc/avr/3.4.3/../../../../avr/lib/avr5\libc.a(vfprintf_std.o)
                                                  C:/WinAVR/bin/../lib/gcc/avr/3.4.3/../../../../avr/lib/avr5\libc.a(puts.o)
                                                  C:/WinAVR/bin/../lib/gcc/avr/3.4.3/../../../../avr/lib/avr5\libc.a(printf.o)
                                                  C:/WinAVR/bin/../lib/gcc/avr/3.4.3/../../../../avr/lib/avr5\libc.a(malloc.o)
                                                  C:/WinAVR/bin/../lib/gcc/avr/3.4.3/../../../../avr/lib/avr5\libc.a(fdevopen.o)
                                                  router.o
                                                  adc_sensor.o
                                                  mac.o
                                                  timer_queue.o
                                                  timer3.o
                                                  backoff_timer.o
                                                  systime.o
                                                  phy.o
                                                  cc2420.o
                                                  uart0.o
                                                  avrhardware.o
                                                  kertimer.o
                                                  os.o
                                                  interupter.o
                                                  led.o
                                                  main.o
__flp                                             C:/WinAVR/bin/../lib/gcc/avr/3.4.3/../../../../avr/lib/avr5\libc.a(malloc.o)
__heap_end                                        C:/WinAVR/bin/../lib/gcc/avr/3.4.3/../../../../avr/lib/avr5/crtm128.o
                                                  C:/WinAVR/bin/../lib/gcc/avr/3.4.3/../../../../avr/lib/avr5\libc.a(malloc.o)
__heap_start                                      C:/WinAVR/bin/../lib/gcc/avr/3.4.3/../../../../avr/lib/avr5\libc.a(malloc.o)
__init                                            C:/WinAVR/bin/../lib/gcc/avr/3.4.3/../../../../avr/lib/avr5/crtm128.o
__iob                                             C:/WinAVR/bin/../lib/gcc/avr/3.4.3/../../../../avr/lib/avr5\libc.a(puts.o)
                                                  C:/WinAVR/bin/../lib/gcc/avr/3.4.3/../../../../avr/lib/avr5\libc.a(printf.o)
                                                  C:/WinAVR/bin/../lib/gcc/avr/3.4.3/../../../../avr/lib/avr5\libc.a(fdevopen.o)
__malloc_heap_end                                 C:/WinAVR/bin/../lib/gcc/avr/3.4.3/../../../../avr/lib/avr5\libc.a(malloc.o)
__malloc_heap_start                               C:/WinAVR/bin/../lib/gcc/avr/3.4.3/../../../../avr/lib/avr5\libc.a(malloc.o)
__malloc_margin                                   C:/WinAVR/bin/../lib/gcc/avr/3.4.3/../../../../avr/lib/avr5\libc.a(malloc.o)
__stack                                           C:/WinAVR/bin/../lib/gcc/avr/3.4.3/../../../../avr/lib/avr5/crtm128.o
                                                  main.o
__udivmodhi4                                      C:/WinAVR/bin/../lib/gcc/avr/3.4.3/avr5\libgcc.a(_udivmodhi4.o)
                                                  C:/WinAVR/bin/../lib/gcc/avr/3.4.3/avr5\libgcc.a(_divmodhi4.o)
__udivmodsi4                                      C:/WinAVR/bin/../lib/gcc/avr/3.4.3/avr5\libgcc.a(_udivmodsi4.o)
                                                  C:/WinAVR/bin/../lib/gcc/avr/3.4.3/../../../../avr/lib/avr5\libc.a(vfprintf_std.o)
                                                  mac.o
                                                  phy.o
__vector_1                                        C:/WinAVR/bin/../lib/gcc/avr/3.4.3/../../../../avr/lib/avr5/crtm128.o
__vector_10                                       C:/WinAVR/bin/../lib/gcc/avr/3.4.3/../../../../avr/lib/avr5/crtm128.o
__vector_11                                       interupter.o
                                                  C:/WinAVR/bin/../lib/gcc/avr/3.4.3/../../../../avr/lib/avr5/crtm128.o
__vector_12                                       interupter.o
                                                  C:/WinAVR/bin/../lib/gcc/avr/3.4.3/../../../../avr/lib/avr5/crtm128.o
__vector_13                                       C:/WinAVR/bin/../lib/gcc/avr/3.4.3/../../../../avr/lib/avr5/crtm128.o
__vector_14                                       interupter.o
                                                  C:/WinAVR/bin/../lib/gcc/avr/3.4.3/../../../../avr/lib/avr5/crtm128.o
__vector_15                                       interupter.o
                                                  C:/WinAVR/bin/../lib/gcc/avr/3.4.3/../../../../avr/lib/avr5/crtm128.o
__vector_16                                       C:/WinAVR/bin/../lib/gcc/avr/3.4.3/../../../../avr/lib/avr5/crtm128.o
__vector_17                                       C:/WinAVR/bin/../lib/gcc/avr/3.4.3/../../../../avr/lib/avr5/crtm128.o
__vector_18                                       C:/WinAVR/bin/../lib/gcc/avr/3.4.3/../../../../avr/lib/avr5/crtm128.o
__vector_19                                       C:/WinAVR/bin/../lib/gcc/avr/3.4.3/../../../../avr/lib/avr5/crtm128.o
__vector_2                                        C:/WinAVR/bin/../lib/gcc/avr/3.4.3/../../../../avr/lib/avr5/crtm128.o
__vector_20                                       C:/WinAVR/bin/../lib/gcc/avr/3.4.3/../../../../avr/lib/avr5/crtm128.o
__vector_21                                       C:/WinAVR/bin/../lib/gcc/avr/3.4.3/../../../../avr/lib/avr5/crtm128.o
__vector_22                                       C:/WinAVR/bin/../lib/gcc/avr/3.4.3/../../../../avr/lib/avr5/crtm128.o
__vector_23                                       C:/WinAVR/bin/../lib/gcc/avr/3.4.3/../../../../avr/lib/avr5/crtm128.o
__vector_24                                       C:/WinAVR/bin/../lib/gcc/avr/3.4.3/../../../../avr/lib/avr5/crtm128.o
__vector_25                                       C:/WinAVR/bin/../lib/gcc/avr/3.4.3/../../../../avr/lib/avr5/crtm128.o
__vector_26                                       interupter.o
                                                  C:/WinAVR/bin/../lib/gcc/avr/3.4.3/../../../../avr/lib/avr5/crtm128.o
__vector_27                                       C:/WinAVR/bin/../lib/gcc/avr/3.4.3/../../../../avr/lib/avr5/crtm128.o
__vector_28                                       C:/WinAVR/bin/../lib/gcc/avr/3.4.3/../../../../avr/lib/avr5/crtm128.o
__vector_29                                       C:/WinAVR/bin/../lib/gcc/avr/3.4.3/../../../../avr/lib/avr5/crtm128.o
__vector_3                                        C:/WinAVR/bin/../lib/gcc/avr/3.4.3/../../../../avr/lib/avr5/crtm128.o
__vector_30                                       C:/WinAVR/bin/../lib/gcc/avr/3.4.3/../../../../avr/lib/avr5/crtm128.o
__vector_31                                       C:/WinAVR/bin/../lib/gcc/avr/3.4.3/../../../../avr/lib/avr5/crtm128.o
__vector_32                                       C:/WinAVR/bin/../lib/gcc/avr/3.4.3/../../../../avr/lib/avr5/crtm128.o
__vector_33                                       C:/WinAVR/bin/../lib/gcc/avr/3.4.3/../../../../avr/lib/avr5/crtm128.o
__vector_34                                       C:/WinAVR/bin/../lib/gcc/avr/3.4.3/../../../../avr/lib/avr5/crtm128.o
__vector_4                                        C:/WinAVR/bin/../lib/gcc/avr/3.4.3/../../../../avr/lib/avr5/crtm128.o
__vector_5                                        C:/WinAVR/bin/../lib/gcc/avr/3.4.3/../../../../avr/lib/avr5/crtm128.o
__vector_6                                        C:/WinAVR/bin/../lib/gcc/avr/3.4.3/../../../../avr/lib/avr5/crtm128.o
__vector_7                                        interupter.o
                                                  C:/WinAVR/bin/../lib/gcc/avr/3.4.3/../../../../avr/lib/avr5/crtm128.o
__vector_8                                        C:/WinAVR/bin/../lib/gcc/avr/3.4.3/../../../../avr/lib/avr5/crtm128.o
__vector_9                                        interupter.o
                                                  C:/WinAVR/bin/../lib/gcc/avr/3.4.3/../../../../avr/lib/avr5/crtm128.o
__vector_default                                  C:/WinAVR/bin/../lib/gcc/avr/3.4.3/../../../../avr/lib/avr5/crtm128.o
__vectors                                         C:/WinAVR/bin/../lib/gcc/avr/3.4.3/../../../../avr/lib/avr5/crtm128.o
_div                                              C:/WinAVR/bin/../lib/gcc/avr/3.4.3/avr5\libgcc.a(_divmodhi4.o)
ack_send_handle_no_pending                        phy.o
ack_send_handle_pending                           phy.o
adc_init                                          adc_sensor.o
add_pending_queue                                 mac.o
add_to_rx_buffer                                  mac.o
add_tx_queue                                      mac.o
address_allocated_num                             router.o
associate_request_frame_send                      mac.o
associate_response_frame_send                     mac.o
associate_tab                                     router.o
associate_tab_init                                router.o
backoff_call                                      router.o
                                                  adc_sensor.o
                                                  mac.o
                                                  timer3.o
                                                  backoff_timer.o
                                                  systime.o
                                                  phy.o
                                                  cc2420.o
                                                  kertimer.o
                                                  interupter.o
                                                  led.o
                                                  main.o
backoff_timer_Set                                 router.o
                                                  adc_sensor.o
                                                  mac.o
                                                  timer3.o
                                                  backoff_timer.o
                                                  systime.o
                                                  phy.o
                                                  cc2420.o
                                                  kertimer.o
                                                  interupter.o
                                                  led.o
                                                  main.o
backoff_timer_fire                                backoff_timer.o
                                                  interupter.o
backoff_timer_isset                               backoff_timer.o
backoff_timer_setOneShot                          backoff_timer.o
backoff_timer_stop                                backoff_timer.o
beacon_frame_send                                 mac.o
                                                  systime.o
beacon_frame_tx_timing                            mac.o
beacon_info                                       mac.o
beacon_request_frame_send                         mac.o
calloc                                            C:/WinAVR/bin/../lib/gcc/avr/3.4.3/../../../../avr/lib/avr5\libc.a(calloc.o)
                                                  C:/WinAVR/bin/../lib/gcc/avr/3.4.3/../../../../avr/lib/avr5\libc.a(fdevopen.o)
cc2420_LocalAddr                                  router.o
                                                  adc_sensor.o
                                                  mac.o
                                                  timer3.o
                                                  backoff_timer.o
                                                  systime.o
                                                  phy.o
                                                  cc2420.o
                                                  kertimer.o
                                                  interupter.o
                                                  led.o
                                                  main.o
cc2420_VREFOff                                    cc2420.o
cc2420_VREFOn                                     cc2420.o
cc2420_bcn_accept                                 cc2420.o
                                                  mac.o
cc2420_bramspi                                    router.o
                                                  adc_sensor.o
                                                  mac.o
                                                  timer3.o
                                                  backoff_timer.o
                                                  systime.o
                                                  phy.o
                                                  cc2420.o
                                                  kertimer.o
                                                  interupter.o
                                                  led.o
                                                  main.o
cc2420_currentparameters                          router.o
                                                  adc_sensor.o
                                                  mac.o
                                                  timer3.o
                                                  backoff_timer.o
                                                  systime.o
                                                  phy.o
                                                  cc2420.o
                                                  kertimer.o
                                                  interupter.o
                                                  led.o
                                                  main.o
cc2420_disableAddrDecode                          cc2420.o
cc2420_disableAutoAck                             cc2420.o
cc2420_enableAddrDecode                           cc2420.o
                                                  main.o
cc2420_enableAutoAck                              cc2420.o
cc2420_enablefifop                                cc2420.o
                                                  main.o
cc2420_fifopintr                                  cc2420.o
                                                  interupter.o
cc2420_get_ieee                                   cc2420.o
                                                  mac.o
cc2420_getpanid                                   cc2420.o
cc2420_getshortaddress                            cc2420.o
cc2420_init                                       cc2420.o
                                                  phy.o
cc2420_oscoff                                     cc2420.o
cc2420_oscon                                      cc2420.o
cc2420_pin_init                                   cc2420.o
cc2420_ramaddr                                    router.o
                                                  adc_sensor.o
                                                  mac.o
                                                  timer3.o
                                                  backoff_timer.o
                                                  systime.o
                                                  phy.o
                                                  cc2420.o
                                                  kertimer.o
                                                  interupter.o
                                                  led.o
                                                  main.o
cc2420_rambuf                                     router.o
                                                  adc_sensor.o
                                                  mac.o
                                                  timer3.o
                                                  backoff_timer.o
                                                  systime.o
                                                  phy.o
                                                  cc2420.o
                                                  kertimer.o
                                                  interupter.o
                                                  led.o
                                                  main.o
cc2420_ramlen                                     router.o
                                                  adc_sensor.o
                                                  mac.o
                                                  timer3.o
                                                  backoff_timer.o
                                                  systime.o
                                                  phy.o
                                                  cc2420.o
                                                  kertimer.o
                                                  interupter.o
                                                  led.o
                                                  main.o
cc2420_readlargeram                               cc2420.o
cc2420_readreg                                    cc2420.o
                                                  phy.o
cc2420_readrxfifo                                 cc2420.o
                                                  phy.o
cc2420_reginit                                    cc2420.o
cc2420_rxbuf                                      router.o
                                                  adc_sensor.o
                                                  mac.o
                                                  timer3.o
                                                  backoff_timer.o
                                                  systime.o
                                                  phy.o
                                                  cc2420.o
                                                  kertimer.o
                                                  interupter.o
                                                  led.o
                                                  main.o
cc2420_rxbuf_now                                  router.o
                                                  adc_sensor.o
                                                  mac.o
                                                  timer3.o
                                                  backoff_timer.o
                                                  systime.o
                                                  phy.o
                                                  cc2420.o
                                                  kertimer.o
                                                  interupter.o
                                                  led.o
                                                  main.o
cc2420_rxbufuse                                   router.o
                                                  adc_sensor.o
                                                  mac.o
                                                  timer3.o
                                                  backoff_timer.o
                                                  systime.o
                                                  phy.o
                                                  cc2420.o
                                                  kertimer.o
                                                  interupter.o
                                                  led.o
                                                  main.o
cc2420_rxflag                                     router.o
                                                  adc_sensor.o
                                                  mac.o
                                                  timer3.o
                                                  backoff_timer.o
                                                  systime.o
                                                  phy.o
                                                  cc2420.o
                                                  kertimer.o
                                                  interupter.o
                                                  led.o
                                                  main.o
cc2420_rxlength                                   router.o
                                                  adc_sensor.o
                                                  mac.o
                                                  timer3.o
                                                  backoff_timer.o
                                                  systime.o
                                                  phy.o
                                                  cc2420.o
                                                  kertimer.o
                                                  interupter.o
                                                  led.o
                                                  main.o
cc2420_rxlength_now                               router.o
                                                  adc_sensor.o
                                                  mac.o
                                                  timer3.o
                                                  backoff_timer.o
                                                  systime.o
                                                  phy.o
                                                  cc2420.o
                                                  kertimer.o
                                                  interupter.o
                                                  led.o
                                                  main.o